Archive member included to satisfy reference by file (symbol)

/home/radipta/opt/gcc-arm-none-eabi-7-2017-q4-major/bin/../lib/gcc/arm-none-eabi/7.2.1/../../../../arm-none-eabi/lib/thumb/v7e-m/libm.a(lib_a-sf_floor.o)
                              ./src/utils.o (floorf)
/home/radipta/opt/gcc-arm-none-eabi-7-2017-q4-major/bin/../lib/gcc/arm-none-eabi/7.2.1/../../../../arm-none-eabi/lib/thumb/v7e-m/libm.a(lib_a-sf_pow.o)
                              ./src/utils.o (powf)
/home/radipta/opt/gcc-arm-none-eabi-7-2017-q4-major/bin/../lib/gcc/arm-none-eabi/7.2.1/../../../../arm-none-eabi/lib/thumb/v7e-m/libm.a(lib_a-sf_pow_log2_data.o)
                              /home/radipta/opt/gcc-arm-none-eabi-7-2017-q4-major/bin/../lib/gcc/arm-none-eabi/7.2.1/../../../../arm-none-eabi/lib/thumb/v7e-m/libm.a(lib_a-sf_pow.o) (__powf_log2_data)
/home/radipta/opt/gcc-arm-none-eabi-7-2017-q4-major/bin/../lib/gcc/arm-none-eabi/7.2.1/../../../../arm-none-eabi/lib/thumb/v7e-m/libm.a(lib_a-w_atan2.o)
                              ./src/motion.o (atan2)
/home/radipta/opt/gcc-arm-none-eabi-7-2017-q4-major/bin/../lib/gcc/arm-none-eabi/7.2.1/../../../../arm-none-eabi/lib/thumb/v7e-m/libm.a(lib_a-e_atan2.o)
                              /home/radipta/opt/gcc-arm-none-eabi-7-2017-q4-major/bin/../lib/gcc/arm-none-eabi/7.2.1/../../../../arm-none-eabi/lib/thumb/v7e-m/libm.a(lib_a-w_atan2.o) (__ieee754_atan2)
/home/radipta/opt/gcc-arm-none-eabi-7-2017-q4-major/bin/../lib/gcc/arm-none-eabi/7.2.1/../../../../arm-none-eabi/lib/thumb/v7e-m/libm.a(lib_a-math_errf.o)
                              /home/radipta/opt/gcc-arm-none-eabi-7-2017-q4-major/bin/../lib/gcc/arm-none-eabi/7.2.1/../../../../arm-none-eabi/lib/thumb/v7e-m/libm.a(lib_a-sf_pow.o) (__math_uflowf)
/home/radipta/opt/gcc-arm-none-eabi-7-2017-q4-major/bin/../lib/gcc/arm-none-eabi/7.2.1/../../../../arm-none-eabi/lib/thumb/v7e-m/libm.a(lib_a-s_atan.o)
                              /home/radipta/opt/gcc-arm-none-eabi-7-2017-q4-major/bin/../lib/gcc/arm-none-eabi/7.2.1/../../../../arm-none-eabi/lib/thumb/v7e-m/libm.a(lib_a-e_atan2.o) (atan)
/home/radipta/opt/gcc-arm-none-eabi-7-2017-q4-major/bin/../lib/gcc/arm-none-eabi/7.2.1/../../../../arm-none-eabi/lib/thumb/v7e-m/libm.a(lib_a-s_fabs.o)
                              /home/radipta/opt/gcc-arm-none-eabi-7-2017-q4-major/bin/../lib/gcc/arm-none-eabi/7.2.1/../../../../arm-none-eabi/lib/thumb/v7e-m/libm.a(lib_a-e_atan2.o) (fabs)
/home/radipta/opt/gcc-arm-none-eabi-7-2017-q4-major/bin/../lib/gcc/arm-none-eabi/7.2.1/../../../../arm-none-eabi/lib/thumb/v7e-m/libm.a(lib_a-sf_exp2_data.o)
                              /home/radipta/opt/gcc-arm-none-eabi-7-2017-q4-major/bin/../lib/gcc/arm-none-eabi/7.2.1/../../../../arm-none-eabi/lib/thumb/v7e-m/libm.a(lib_a-sf_pow.o) (__exp2f_data)
/home/radipta/opt/gcc-arm-none-eabi-7-2017-q4-major/bin/../lib/gcc/arm-none-eabi/7.2.1/thumb/v7e-m/libgcc.a(_arm_addsubdf3.o)
                              /home/radipta/opt/gcc-arm-none-eabi-7-2017-q4-major/bin/../lib/gcc/arm-none-eabi/7.2.1/../../../../arm-none-eabi/lib/thumb/v7e-m/libm.a(lib_a-sf_pow.o) (__aeabi_dsub)
/home/radipta/opt/gcc-arm-none-eabi-7-2017-q4-major/bin/../lib/gcc/arm-none-eabi/7.2.1/thumb/v7e-m/libgcc.a(_arm_muldivdf3.o)
                              ./src/motion.o (__aeabi_dmul)
/home/radipta/opt/gcc-arm-none-eabi-7-2017-q4-major/bin/../lib/gcc/arm-none-eabi/7.2.1/thumb/v7e-m/libgcc.a(_arm_cmpdf2.o)
                              /home/radipta/opt/gcc-arm-none-eabi-7-2017-q4-major/bin/../lib/gcc/arm-none-eabi/7.2.1/../../../../arm-none-eabi/lib/thumb/v7e-m/libm.a(lib_a-sf_pow.o) (__aeabi_dcmplt)
/home/radipta/opt/gcc-arm-none-eabi-7-2017-q4-major/bin/../lib/gcc/arm-none-eabi/7.2.1/thumb/v7e-m/libgcc.a(_arm_truncdfsf2.o)
                              ./src/motion.o (__aeabi_d2f)
/home/radipta/opt/gcc-arm-none-eabi-7-2017-q4-major/bin/../lib/gcc/arm-none-eabi/7.2.1/thumb/v7e-m/libgcc.a(_arm_addsubsf3.o)
                              ./src/motion.o (__aeabi_fsub)
/home/radipta/opt/gcc-arm-none-eabi-7-2017-q4-major/bin/../lib/gcc/arm-none-eabi/7.2.1/thumb/v7e-m/libgcc.a(_arm_muldivsf3.o)
                              ./src/motion.o (__aeabi_fmul)
/home/radipta/opt/gcc-arm-none-eabi-7-2017-q4-major/bin/../lib/gcc/arm-none-eabi/7.2.1/thumb/v7e-m/libgcc.a(_arm_cmpsf2.o)
                              ./src/motion.o (__aeabi_fcmpeq)
/home/radipta/opt/gcc-arm-none-eabi-7-2017-q4-major/bin/../lib/gcc/arm-none-eabi/7.2.1/thumb/v7e-m/libgcc.a(_arm_unordsf2.o)
                              /home/radipta/opt/gcc-arm-none-eabi-7-2017-q4-major/bin/../lib/gcc/arm-none-eabi/7.2.1/../../../../arm-none-eabi/lib/thumb/v7e-m/libm.a(lib_a-math_errf.o) (__aeabi_fcmpun)
/home/radipta/opt/gcc-arm-none-eabi-7-2017-q4-major/bin/../lib/gcc/arm-none-eabi/7.2.1/thumb/v7e-m/libgcc.a(_arm_fixsfsi.o)
                              ./src/motion.o (__aeabi_f2iz)
/home/radipta/opt/gcc-arm-none-eabi-7-2017-q4-major/bin/../lib/gcc/arm-none-eabi/7.2.1/thumb/v7e-m/libgcc.a(_arm_fixunssfsi.o)
[...]
Memory Configuration

Name             Origin             Length             Attributes
RAM              0x0000000020000000 0x0000000000020000 xrw
CCMRAM           0x0000000010000000 0x0000000000010000 xrw
FLASH            0x0000000008000000 0x0000000000100000 xr
FLASHB1          0x0000000000000000 0x0000000000000000 xr
EXTMEMB0         0x0000000000000000 0x0000000000000000 xr
EXTMEMB1         0x0000000000000000 0x0000000000000000 xr
EXTMEMB2         0x0000000000000000 0x0000000000000000 xr
EXTMEMB3         0x0000000000000000 0x0000000000000000 xr
MEMORY_ARRAY     0x0000000020002000 0x0000000000000020 xrw
*default*        0x0000000000000000 0xffffffffffffffff

Linker script and memory map

LOAD ./system/src/peripherals/misc.o
LOAD ./system/src/peripherals/stm32f4xx_adc.o
LOAD ./system/src/peripherals/stm32f4xx_can.o
LOAD ./system/src/peripherals/stm32f4xx_crc.o
LOAD ./system/src/peripherals/stm32f4xx_cryp.o
LOAD ./system/src/peripherals/stm32f4xx_cryp_aes.o
LOAD ./system/src/peripherals/stm32f4xx_cryp_des.o
LOAD ./system/src/peripherals/stm32f4xx_cryp_tdes.o
LOAD ./system/src/peripherals/stm32f4xx_dac.o
LOAD ./system/src/peripherals/stm32f4xx_dbgmcu.o
LOAD ./system/src/peripherals/stm32f4xx_dcmi.o
LOAD ./system/src/peripherals/stm32f4xx_dma.o
LOAD ./system/src/peripherals/stm32f4xx_exti.o
LOAD ./system/src/peripherals/stm32f4xx_flash.o
LOAD ./system/src/peripherals/stm32f4xx_fsmc.o
LOAD ./system/src/peripherals/stm32f4xx_gpio.o
LOAD ./system/src/peripherals/stm32f4xx_hash.o
LOAD ./system/src/peripherals/stm32f4xx_hash_md5.o
LOAD ./system/src/peripherals/stm32f4xx_hash_sha1.o
LOAD ./system/src/peripherals/stm32f4xx_i2c.o
LOAD ./system/src/peripherals/stm32f4xx_iwdg.o
LOAD ./system/src/peripherals/stm32f4xx_pwr.o
LOAD ./system/src/peripherals/stm32f4xx_rcc.o
LOAD ./system/src/peripherals/stm32f4xx_rng.o
LOAD ./system/src/peripherals/stm32f4xx_rtc.o
LOAD ./system/src/peripherals/stm32f4xx_sdio.o
LOAD ./system/src/peripherals/stm32f4xx_spi.o
LOAD ./system/src/peripherals/stm32f4xx_syscfg.o
LOAD ./system/src/peripherals/stm32f4xx_tim.o
LOAD ./system/src/peripherals/stm32f4xx_usart.o
LOAD ./system/src/peripherals/stm32f4xx_wwdg.o
LOAD ./system/src/diag/Trace.o
LOAD ./system/src/diag/trace_impl.o
LOAD ./system/startup_stm32f4xx.o
LOAD ./src/delay.o
LOAD ./src/main.o
LOAD ./src/motion.o
LOAD ./src/sensor.o
LOAD ./src/stm32f4xx_it.o
LOAD ./src/syscalls.o
LOAD ./src/system_stm32f4xx.o
LOAD ./src/tm_stm32f4_exti.o
LOAD ./src/tm_stm32f4_gpio.o
LOAD ./src/usart.o
LOAD ./src/utils.o
LOAD /home/radipta/opt/gcc-arm-none-eabi-7-2017-q4-major/bin/../lib/gcc/arm-none-eabi/7.2.1/../../../../arm-none-eabi/lib/thumb/v7e-m/libstdc++_nano.a
LOAD /home/radipta/opt/gcc-arm-none-eabi-7-2017-q4-major/bin/../lib/gcc/arm-none-eabi/7.2.1/../../../../arm-none-eabi/lib/thumb/v7e-m/libm.a
START GROUP
LOAD /home/radipta/opt/gcc-arm-none-eabi-7-2017-q4-major/bin/../lib/gcc/arm-none-eabi/7.2.1/thumb/v7e-m/libgcc.a
LOAD /home/radipta/opt/gcc-arm-none-eabi-7-2017-q4-major/bin/../lib/gcc/arm-none-eabi/7.2.1/../../../../arm-none-eabi/lib/thumb/v7e-m/libg_nano.a
LOAD /home/radipta/opt/gcc-arm-none-eabi-7-2017-q4-major/bin/../lib/gcc/arm-none-eabi/7.2.1/../../../../arm-none-eabi/lib/thumb/v7e-m/libc_nano.a
END GROUP
START GROUP
LOAD /home/radipta/opt/gcc-arm-none-eabi-7-2017-q4-major/bin/../lib/gcc/arm-none-eabi/7.2.1/thumb/v7e-m/libgcc.a
LOAD /home/radipta/opt/gcc-arm-none-eabi-7-2017-q4-major/bin/../lib/gcc/arm-none-eabi/7.2.1/../../../../arm-none-eabi/lib/thumb/v7e-m/libc_nano.a
END GROUP
                0x0000000020020000                __stack = (ORIGIN (RAM) + LENGTH (RAM))
                0x0000000020020000                _estack = __stack
                0x0000000000000400                __Main_Stack_Size = 0x400
                [!provide]                        PROVIDE (_Main_Stack_Size, __Main_Stack_Size)
                0x000000002001fc00                __Main_Stack_Limit = (__stack - __Main_Stack_Size)
                [!provide]                        PROVIDE (_Main_Stack_Limit, __Main_Stack_Limit)
                0x0000000000000100                _Minimum_Stack_Size = 0x100
                [!provide]                        PROVIDE (_Heap_Begin, _end_noinit)
                [!provide]                        PROVIDE (_Heap_Limit, (__stack - __Main_Stack_Size))

.isr_vector     0x0000000008000000      0x188
 FILL mask 0xff
                0x0000000008000000                __vectors_start = ABSOLUTE (.)
                0x0000000008000000                __vectors_start__ = ABSOLUTE (.)
 *(.isr_vector)
 .isr_vector    0x0000000008000000      0x188 ./system/startup_stm32f4xx.o
                0x0000000008000000                g_pfnVectors
 *(.cfmconfig)
 *(.after_vectors .after_vectors.*)

.inits          0x0000000008000188       0x28
                0x0000000008000188                __data_regions_array_start = .
                0x0000000008000188        0x4 LONG 0x80059a8 LOADADDR (.data)
                0x000000000800018c        0x4 LONG 0x20000000 ADDR (.data)
                0x0000000008000190        0x4 LONG 0x200001f8 (ADDR (.data) + SIZEOF (.data))
                0x0000000008000194        0x4 LONG 0x80059a8 LOADADDR (.data_CCMRAM)
                0x0000000008000198        0x4 LONG 0x10000000 ADDR (.data_CCMRAM)
                0x000000000800019c        0x4 LONG 0x10000000 (ADDR (.data_CCMRAM) + SIZEOF (.data_CCMRAM))
                0x00000000080001a0                __data_regions_array_end = .
                0x00000000080001a0                __bss_regions_array_start = .
                0x00000000080001a0        0x4 LONG 0x200001f8 ADDR (.bss)
                0x00000000080001a4        0x4 LONG 0x200003d4 (ADDR (.bss) + SIZEOF (.bss))
                0x00000000080001a8        0x4 LONG 0x10000000 ADDR (.bss_CCMRAM)
                0x00000000080001ac        0x4 LONG 0x10000000 (ADDR (.bss_CCMRAM) + SIZEOF (.bss_CCMRAM))
                0x00000000080001b0                __bss_regions_array_end = .
 *(.init)
 *(.fini)
                0x00000000080001b0                . = ALIGN (0x4)
                0x00000000080001b0                PROVIDE (__preinit_array_start, .)
 *(.preinit_array_sysinit .preinit_array_sysinit.*)
 *(.preinit_array_platform .preinit_array_platform.*)
 *(.preinit_array .preinit_array.*)
                0x00000000080001b0                PROVIDE (__preinit_array_end, .)
                0x00000000080001b0                . = ALIGN (0x4)
                0x00000000080001b0                PROVIDE (__init_array_start, .)
 *(SORT_BY_NAME(.init_array.*))
 *(.init_array)
                0x00000000080001b0                PROVIDE (__init_array_end, .)
                0x00000000080001b0                . = ALIGN (0x4)
                [!provide]                        PROVIDE (__fini_array_start, .)
 *(SORT_BY_NAME(.fini_array.*))
 *(.fini_array)
                [!provide]                        PROVIDE (__fini_array_end, .)

.flashtext
 *(.flashtext .flashtext.*)

.text           0x00000000080001b0     0x57f6
 *(.text .text.*)
 .text.NVIC_PriorityGroupConfig
                0x00000000080001b0       0x14 ./system/src/peripherals/misc.o
                0x00000000080001b0                NVIC_PriorityGroupConfig
 .text.NVIC_Init
                0x00000000080001c4       0x64 ./system/src/peripherals/misc.o
                0x00000000080001c4                NVIC_Init
 .text.ADC_Init
                0x0000000008000228       0x4c ./system/src/peripherals/stm32f4xx_adc.o
                0x0000000008000228                ADC_Init
 .text.ADC_CommonInit
                0x0000000008000274       0x28 ./system/src/peripherals/stm32f4xx_adc.o
                0x0000000008000274                ADC_CommonInit
 .text.ADC_Cmd  0x000000000800029c       0x16 ./system/src/peripherals/stm32f4xx_adc.o
                0x000000000800029c                ADC_Cmd
 .text.ADC_RegularChannelConfig
                0x00000000080002b2       0x90 ./system/src/peripherals/stm32f4xx_adc.o
                0x00000000080002b2                ADC_RegularChannelConfig
 .text.ADC_SoftwareStartConv
                0x0000000008000342        0xa ./system/src/peripherals/stm32f4xx_adc.o
                0x0000000008000342                ADC_SoftwareStartConv
 .text.ADC_GetConversionValue
                0x000000000800034c        0x6 ./system/src/peripherals/stm32f4xx_adc.o
                0x000000000800034c                ADC_GetConversionValue
 .text.ADC_GetFlagStatus
                0x0000000008000352        0xe ./system/src/peripherals/stm32f4xx_adc.o
                0x0000000008000352                ADC_GetFlagStatus
 .text.GPIO_Init
                0x0000000008000360       0x8a ./system/src/peripherals/stm32f4xx_gpio.o
                0x0000000008000360                GPIO_Init
 .text.GPIO_StructInit
                0x00000000080003ea       0x12 ./system/src/peripherals/stm32f4xx_gpio.o
                0x00000000080003ea                GPIO_StructInit
 .text.GPIO_PinAFConfig
                0x00000000080003fc       0x2e ./system/src/peripherals/stm32f4xx_gpio.o
                0x00000000080003fc                GPIO_PinAFConfig
 *fill*         0x000000000800042a        0x2 
 .text.RCC_PCLK1Config
                0x000000000800042c       0x14 ./system/src/peripherals/stm32f4xx_rcc.o
                0x000000000800042c                RCC_PCLK1Config
 .text.RCC_GetClocksFreq
                0x0000000008000440       0xb4 ./system/src/peripherals/stm32f4xx_rcc.o
                0x0000000008000440                RCC_GetClocksFreq
 .text.RCC_AHB1PeriphClockCmd
                0x00000000080004f4       0x1c ./system/src/peripherals/stm32f4xx_rcc.o
                0x00000000080004f4                RCC_AHB1PeriphClockCmd
 .text.RCC_APB1PeriphClockCmd
                0x0000000008000510       0x1c ./system/src/peripherals/stm32f4xx_rcc.o
                0x0000000008000510                RCC_APB1PeriphClockCmd
 .text.RCC_APB2PeriphClockCmd
                0x000000000800052c       0x1c ./system/src/peripherals/stm32f4xx_rcc.o
                0x000000000800052c                RCC_APB2PeriphClockCmd
 .text.TIM_TimeBaseInit
                0x0000000008000548       0x7c ./system/src/peripherals/stm32f4xx_tim.o
                0x0000000008000548                TIM_TimeBaseInit
 .text.TIM_TimeBaseStructInit
                0x00000000080005c4       0x12 ./system/src/peripherals/stm32f4xx_tim.o
                0x00000000080005c4                TIM_TimeBaseStructInit
 .text.TIM_SetCounter
                0x00000000080005d6        0x4 ./system/src/peripherals/stm32f4xx_tim.o
                0x00000000080005d6                TIM_SetCounter
 .text.TIM_SetAutoreload
                0x00000000080005da        0x4 ./system/src/peripherals/stm32f4xx_tim.o
                0x00000000080005da                TIM_SetAutoreload
 .text.TIM_Cmd  0x00000000080005de       0x1a ./system/src/peripherals/stm32f4xx_tim.o
                0x00000000080005de                TIM_Cmd
 .text.TIM_OC1Init
                0x00000000080005f8       0x6c ./system/src/peripherals/stm32f4xx_tim.o
                0x00000000080005f8                TIM_OC1Init
 .text.TIM_OC2Init
                0x0000000008000664       0x88 ./system/src/peripherals/stm32f4xx_tim.o
                0x0000000008000664                TIM_OC2Init
 .text.TIM_OC3Init
                0x00000000080006ec       0x84 ./system/src/peripherals/stm32f4xx_tim.o
                0x00000000080006ec                TIM_OC3Init
 .text.TIM_OC4Init
                0x0000000008000770       0x68 ./system/src/peripherals/stm32f4xx_tim.o
                0x0000000008000770                TIM_OC4Init
 .text.TIM_OCStructInit
                0x00000000080007d8       0x14 ./system/src/peripherals/stm32f4xx_tim.o
                0x00000000080007d8                TIM_OCStructInit
 .text.TIM_OC1PreloadConfig
                0x00000000080007ec        0xe ./system/src/peripherals/stm32f4xx_tim.o
                0x00000000080007ec                TIM_OC1PreloadConfig
 .text.TIM_OC2PreloadConfig
                0x00000000080007fa       0x12 ./system/src/peripherals/stm32f4xx_tim.o
                0x00000000080007fa                TIM_OC2PreloadConfig
 .text.TIM_OC3PreloadConfig
                0x000000000800080c        0xe ./system/src/peripherals/stm32f4xx_tim.o
                0x000000000800080c                TIM_OC3PreloadConfig
 .text.TIM_OC4PreloadConfig
                0x000000000800081a       0x12 ./system/src/peripherals/stm32f4xx_tim.o
                0x000000000800081a                TIM_OC4PreloadConfig
 .text.TIM_CCxCmd
                0x000000000800082c       0x20 ./system/src/peripherals/stm32f4xx_tim.o
                0x000000000800082c                TIM_CCxCmd
 .text.TIM_ITConfig
                0x000000000800084c       0x14 ./system/src/peripherals/stm32f4xx_tim.o
                0x000000000800084c                TIM_ITConfig
 .text.TIM_GetITStatus
                0x0000000008000860       0x18 ./system/src/peripherals/stm32f4xx_tim.o
                0x0000000008000860                TIM_GetITStatus
 .text.TIM_ClearITPendingBit
                0x0000000008000878        0x8 ./system/src/peripherals/stm32f4xx_tim.o
                0x0000000008000878                TIM_ClearITPendingBit
 .text.TIM_EncoderInterfaceConfig
                0x0000000008000880       0x3a ./system/src/peripherals/stm32f4xx_tim.o
                0x0000000008000880                TIM_EncoderInterfaceConfig
 *fill*         0x00000000080008ba        0x2 
 .text.USART_Init
                0x00000000080008bc       0xd0 ./system/src/peripherals/stm32f4xx_usart.o
                0x00000000080008bc                USART_Init
 .text.USART_Cmd
                0x000000000800098c       0x1a ./system/src/peripherals/stm32f4xx_usart.o
                0x000000000800098c                USART_Cmd
 .text.USART_SendData
                0x00000000080009a6        0x8 ./system/src/peripherals/stm32f4xx_usart.o
                0x00000000080009a6                USART_SendData
 .text.USART_ReceiveData
                0x00000000080009ae        0x8 ./system/src/peripherals/stm32f4xx_usart.o
                0x00000000080009ae                USART_ReceiveData
 .text.USART_GetFlagStatus
                0x00000000080009b6        0xe ./system/src/peripherals/stm32f4xx_usart.o
                0x00000000080009b6                USART_GetFlagStatus
 .text.Reset_Handler
                0x00000000080009c4       0x48 ./system/startup_stm32f4xx.o
                0x00000000080009c4                Reset_Handler
 .text.Default_Handler
                0x0000000008000a0c        0x2 ./system/startup_stm32f4xx.o
                0x0000000008000a0c                RTC_Alarm_IRQHandler
                0x0000000008000a0c                HASH_RNG_IRQHandler
                0x0000000008000a0c                TIM8_CC_IRQHandler
                0x0000000008000a0c                TIM1_CC_IRQHandler
                0x0000000008000a0c                DMA2_Stream5_IRQHandler
                0x0000000008000a0c                DMA1_Stream5_IRQHandler
                0x0000000008000a0c                PVD_IRQHandler
                0x0000000008000a0c                SDIO_IRQHandler
                0x0000000008000a0c                TAMP_STAMP_IRQHandler
                0x0000000008000a0c                CAN2_RX1_IRQHandler
                0x0000000008000a0c                TIM8_TRG_COM_TIM14_IRQHandler
                0x0000000008000a0c                TIM1_UP_TIM10_IRQHandler
                0x0000000008000a0c                TIM8_UP_TIM13_IRQHandler
                0x0000000008000a0c                I2C3_ER_IRQHandler
                0x0000000008000a0c                I2C2_EV_IRQHandler
                0x0000000008000a0c                DMA1_Stream2_IRQHandler
                0x0000000008000a0c                CAN1_RX0_IRQHandler
                0x0000000008000a0c                FPU_IRQHandler
                0x0000000008000a0c                OTG_HS_WKUP_IRQHandler
                0x0000000008000a0c                CAN2_SCE_IRQHandler
                0x0000000008000a0c                DMA2_Stream2_IRQHandler
                0x0000000008000a0c                SPI1_IRQHandler
                0x0000000008000a0c                TIM6_DAC_IRQHandler
                0x0000000008000a0c                TIM1_BRK_TIM9_IRQHandler
                0x0000000008000a0c                DCMI_IRQHandler
                0x0000000008000a0c                CAN2_RX0_IRQHandler
                0x0000000008000a0c                DMA2_Stream3_IRQHandler
                0x0000000008000a0c                USART6_IRQHandler
                0x0000000008000a0c                USART3_IRQHandler
                0x0000000008000a0c                CRYP_IRQHandler
                0x0000000008000a0c                CAN1_RX1_IRQHandler
                0x0000000008000a0c                UART5_IRQHandler
                0x0000000008000a0c                DMA2_Stream0_IRQHandler
                0x0000000008000a0c                TIM4_IRQHandler
                0x0000000008000a0c                I2C1_EV_IRQHandler
                0x0000000008000a0c                DMA1_Stream6_IRQHandler
                0x0000000008000a0c                DMA1_Stream1_IRQHandler
                0x0000000008000a0c                UART4_IRQHandler
                0x0000000008000a0c                TIM3_IRQHandler
                0x0000000008000a0c                RCC_IRQHandler
                0x0000000008000a0c                TIM8_BRK_TIM12_IRQHandler
                0x0000000008000a0c                Default_Handler
                0x0000000008000a0c                ADC_IRQHandler
                0x0000000008000a0c                DMA1_Stream7_IRQHandler
                0x0000000008000a0c                CAN2_TX_IRQHandler
                0x0000000008000a0c                TIM5_IRQHandler
                0x0000000008000a0c                DMA2_Stream7_IRQHandler
                0x0000000008000a0c                I2C3_EV_IRQHandler
                0x0000000008000a0c                RTC_WKUP_IRQHandler
                0x0000000008000a0c                ETH_WKUP_IRQHandler
                0x0000000008000a0c                SPI2_IRQHandler
                0x0000000008000a0c                OTG_HS_EP1_IN_IRQHandler
                0x0000000008000a0c                DMA1_Stream0_IRQHandler
                0x0000000008000a0c                CAN1_TX_IRQHandler
                0x0000000008000a0c                FSMC_IRQHandler
                0x0000000008000a0c                ETH_IRQHandler
                0x0000000008000a0c                OTG_HS_EP1_OUT_IRQHandler
                0x0000000008000a0c                WWDG_IRQHandler
                0x0000000008000a0c                TIM2_IRQHandler
                0x0000000008000a0c                OTG_FS_WKUP_IRQHandler
                0x0000000008000a0c                TIM1_TRG_COM_TIM11_IRQHandler
                0x0000000008000a0c                OTG_HS_IRQHandler
                0x0000000008000a0c                USART2_IRQHandler
                0x0000000008000a0c                I2C2_ER_IRQHandler
                0x0000000008000a0c                DMA2_Stream1_IRQHandler
                0x0000000008000a0c                CAN1_SCE_IRQHandler
                0x0000000008000a0c                FLASH_IRQHandler
                0x0000000008000a0c                DMA2_Stream4_IRQHandler
                0x0000000008000a0c                OTG_FS_IRQHandler
                0x0000000008000a0c                SPI3_IRQHandler
                0x0000000008000a0c                DMA1_Stream4_IRQHandler
                0x0000000008000a0c                I2C1_ER_IRQHandler
                0x0000000008000a0c                DMA2_Stream6_IRQHandler
                0x0000000008000a0c                DMA1_Stream3_IRQHandler
 *fill*         0x0000000008000a0e        0x2 
 .text.TimeTick_Decrement
                0x0000000008000a10       0x14 ./src/delay.o
                0x0000000008000a10                TimeTick_Decrement
 .text.SysTick_Handler
                0x0000000008000a24        0x8 ./src/delay.o
                0x0000000008000a24                SysTick_Handler
 .text._init    0x0000000008000a2c        0x2 ./src/main.o
                0x0000000008000a2c                _init
 .text.Init_pwm
                0x0000000008000a2e        0xc ./src/main.o
                0x0000000008000a2e                Init_pwm
 .text.Init_usart
                0x0000000008000a3a       0x14 ./src/main.o
                0x0000000008000a3a                Init_usart
 .text.Init_sensor
                0x0000000008000a4e        0x8 ./src/main.o
                0x0000000008000a4e                Init_sensor
 .text.Init_rotary
                0x0000000008000a56       0x10 ./src/main.o
                0x0000000008000a56                Init_rotary
 *fill*         0x0000000008000a66        0x2 
 .text.main     0x0000000008000a68       0x84 ./src/main.o
                0x0000000008000a68                main
 .text.TIM12_Config
                0x0000000008000aec       0xe0 ./src/motion.o
                0x0000000008000aec                TIM12_Config
 .text.TIM4_Config
                0x0000000008000bcc      0x128 ./src/motion.o
                0x0000000008000bcc                TIM4_Config
 .text.Motor3   0x0000000008000cf4        0xc ./src/motion.o
                0x0000000008000cf4                Motor3
 .text.Motor2   0x0000000008000d00        0xc ./src/motion.o
                0x0000000008000d00                Motor2
 .text.Motor1   0x0000000008000d0c        0xc ./src/motion.o
                0x0000000008000d0c                Motor1
 .text.RPM_C    0x0000000008000d18       0x50 ./src/motion.o
                0x0000000008000d18                RPM_C
 .text.RPM_B    0x0000000008000d68       0x50 ./src/motion.o
                0x0000000008000d68                RPM_B
 .text.RPM_A    0x0000000008000db8       0x44 ./src/motion.o
                0x0000000008000db8                RPM_A
 .text.encodersReset
                0x0000000008000dfc       0x2c ./src/motion.o
                0x0000000008000dfc                encodersReset
 .text.encodersInit_C
                0x0000000008000e28       0x94 ./src/motion.o
                0x0000000008000e28                encodersInit_C
 .text.encodersInit_B
                0x0000000008000ebc       0x8c ./src/motion.o
                0x0000000008000ebc                encodersInit_B
 .text.encodersInit_A
                0x0000000008000f48       0x88 ./src/motion.o
                0x0000000008000f48                encodersInit_A
 .text.sampling_RPM
                0x0000000008000fd0       0x44 ./src/motion.o
                0x0000000008000fd0                sampling_RPM
 .text.sampling_IT_Enable
                0x0000000008001014       0x1c ./src/motion.o
                0x0000000008001014                sampling_IT_Enable
 .text.motor    0x0000000008001030      0x168 ./src/motion.o
                0x0000000008001030                motor
 .text.PID      0x0000000008001198      0x260 ./src/motion.o
                0x0000000008001198                PID
 .text.TIM7_IRQHandler
                0x00000000080013f8       0x30 ./src/motion.o
                0x00000000080013f8                TIM7_IRQHandler
 .text.ADCinit_SoftTrigger
                0x0000000008001428       0xa8 ./src/sensor.o
                0x0000000008001428                ADCinit_SoftTrigger
 .text.ADC_read
                0x00000000080014d0       0x26 ./src/sensor.o
                0x00000000080014d0                ADC_read
 *fill*         0x00000000080014f6        0x2 
 .text.read_sensor
                0x00000000080014f8       0xfc ./src/sensor.o
                0x00000000080014f8                read_sensor
 .text.NMI_Handler
                0x00000000080015f4        0x2 ./src/stm32f4xx_it.o
                0x00000000080015f4                NMI_Handler
 .text.HardFault_Handler
                0x00000000080015f6        0x2 ./src/stm32f4xx_it.o
                0x00000000080015f6                HardFault_Handler
 .text.MemManage_Handler
                0x00000000080015f8        0x2 ./src/stm32f4xx_it.o
                0x00000000080015f8                MemManage_Handler
 .text.BusFault_Handler
                0x00000000080015fa        0x2 ./src/stm32f4xx_it.o
                0x00000000080015fa                BusFault_Handler
 .text.UsageFault_Handler
                0x00000000080015fc        0x2 ./src/stm32f4xx_it.o
                0x00000000080015fc                UsageFault_Handler
 .text.SVC_Handler
                0x00000000080015fe        0x2 ./src/stm32f4xx_it.o
                0x00000000080015fe                SVC_Handler
 .text.DebugMon_Handler
                0x0000000008001600        0x2 ./src/stm32f4xx_it.o
                0x0000000008001600                DebugMon_Handler
 .text.PendSV_Handler
                0x0000000008001602        0x2 ./src/stm32f4xx_it.o
                0x0000000008001602                PendSV_Handler
 .text._sbrk_r  0x0000000008001604       0x30 ./src/syscalls.o
                0x0000000008001604                _sbrk_r
 .text.SetSysClock
                0x0000000008001634       0xbc ./src/system_stm32f4xx.o
 .text.SystemInit
                0x00000000080016f0       0x44 ./src/system_stm32f4xx.o
                0x00000000080016f0                SystemInit
 .text.EXTI0_IRQHandler
                0x0000000008001734       0x20 ./src/tm_stm32f4_exti.o
                0x0000000008001734                EXTI0_IRQHandler
 .text.EXTI1_IRQHandler
                0x0000000008001754       0x20 ./src/tm_stm32f4_exti.o
                0x0000000008001754                EXTI1_IRQHandler
 .text.EXTI2_IRQHandler
                0x0000000008001774       0x20 ./src/tm_stm32f4_exti.o
                0x0000000008001774                EXTI2_IRQHandler
 .text.EXTI3_IRQHandler
                0x0000000008001794       0x20 ./src/tm_stm32f4_exti.o
                0x0000000008001794                EXTI3_IRQHandler
 .text.EXTI4_IRQHandler
                0x00000000080017b4       0x20 ./src/tm_stm32f4_exti.o
                0x00000000080017b4                EXTI4_IRQHandler
 .text.EXTI9_5_IRQHandler
                0x00000000080017d4       0x7c ./src/tm_stm32f4_exti.o
                0x00000000080017d4                EXTI9_5_IRQHandler
 .text.EXTI15_10_IRQHandler
                0x0000000008001850       0x98 ./src/tm_stm32f4_exti.o
                0x0000000008001850                EXTI15_10_IRQHandler
 .text.USART_Config
                0x00000000080018e8       0x8c ./src/usart.o
                0x00000000080018e8                USART_Config
 .text.USART_putchar
                0x0000000008001974       0x1c ./src/usart.o
                0x0000000008001974                USART_putchar
 .text.USART_puts
                0x0000000008001990       0x1a ./src/usart.o
                0x0000000008001990                USART_puts
 *fill*         0x00000000080019aa        0x2 
 .text.setDataPWM
                0x00000000080019ac      0x368 ./src/usart.o
                0x00000000080019ac                setDataPWM
 .text.setDataRPM
                0x0000000008001d14      0x1e8 ./src/usart.o
                0x0000000008001d14                setDataRPM
 .text.USART1_IRQHandler
                0x0000000008001efc       0x64 ./src/usart.o
                0x0000000008001efc                USART1_IRQHandler
 .text.NVIC_Config_1
                0x0000000008001f60       0x2e ./src/usart.o
                0x0000000008001f60                NVIC_Config_1
 *fill*         0x0000000008001f8e        0x2 
 .text.atan2    0x0000000008001f90        0x4 /home/radipta/opt/gcc-arm-none-eabi-7-2017-q4-major/bin/../lib/gcc/arm-none-eabi/7.2.1/../../../../arm-none-eabi/lib/thumb/v7e-m/libm.a(lib_a-w_atan2.o)
                0x0000000008001f90                atan2
 *fill*         0x0000000008001f94        0x4 
 .text.__ieee754_atan2
                0x0000000008001f98      0x1b4 /home/radipta/opt/gcc-arm-none-eabi-7-2017-q4-major/bin/../lib/gcc/arm-none-eabi/7.2.1/../../../../arm-none-eabi/lib/thumb/v7e-m/libm.a(lib_a-e_atan2.o)
                0x0000000008001f98                __ieee754_atan2
 *fill*         0x000000000800214c        0x4 
 .text.atan     0x0000000008002150      0x31c /home/radipta/opt/gcc-arm-none-eabi-7-2017-q4-major/bin/../lib/gcc/arm-none-eabi/7.2.1/../../../../arm-none-eabi/lib/thumb/v7e-m/libm.a(lib_a-s_atan.o)
                0x0000000008002150                atan
 .text.fabs     0x000000000800246c        0x8 /home/radipta/opt/gcc-arm-none-eabi-7-2017-q4-major/bin/../lib/gcc/arm-none-eabi/7.2.1/../../../../arm-none-eabi/lib/thumb/v7e-m/libm.a(lib_a-s_fabs.o)
                0x000000000800246c                fabs
 .text          0x0000000008002474      0x378 /home/radipta/opt/gcc-arm-none-eabi-7-2017-q4-major/bin/../lib/gcc/arm-none-eabi/7.2.1/thumb/v7e-m/libgcc.a(_arm_addsubdf3.o)
                0x0000000008002474                __aeabi_drsub
                0x000000000800247c                __aeabi_dsub
                0x000000000800247c                __subdf3
                0x0000000008002480                __adddf3
                0x0000000008002480                __aeabi_dadd
                0x00000000080026f8                __aeabi_ui2d
                0x00000000080026f8                __floatunsidf
                0x0000000008002718                __floatsidf
                0x0000000008002718                __aeabi_i2d
                0x000000000800273c                __extendsfdf2
                0x000000000800273c                __aeabi_f2d
                0x0000000008002780                __aeabi_ul2d
                0x0000000008002780                __floatundidf
                0x0000000008002790                __floatdidf
                0x0000000008002790                __aeabi_l2d
 .text          0x00000000080027ec      0x424 /home/radipta/opt/gcc-arm-none-eabi-7-2017-q4-major/bin/../lib/gcc/arm-none-eabi/7.2.1/thumb/v7e-m/libgcc.a(_arm_muldivdf3.o)
                0x00000000080027ec                __aeabi_dmul
                0x00000000080027ec                __muldf3
                0x0000000008002a40                __aeabi_ddiv
                0x0000000008002a40                __divdf3
 .text          0x0000000008002c10      0x110 /home/radipta/opt/gcc-arm-none-eabi-7-2017-q4-major/bin/../lib/gcc/arm-none-eabi/7.2.1/thumb/v7e-m/libgcc.a(_arm_cmpdf2.o)
                0x0000000008002c10                __gtdf2
                0x0000000008002c10                __gedf2
                0x0000000008002c18                __ltdf2
                0x0000000008002c18                __ledf2
                0x0000000008002c20                __cmpdf2
                0x0000000008002c20                __eqdf2
                0x0000000008002c20                __nedf2
                0x0000000008002c9c                __aeabi_cdrcmple
                0x0000000008002cac                __aeabi_cdcmple
                0x0000000008002cac                __aeabi_cdcmpeq
                0x0000000008002cbc                __aeabi_dcmpeq
                0x0000000008002cd0                __aeabi_dcmplt
                0x0000000008002ce4                __aeabi_dcmple
                0x0000000008002cf8                __aeabi_dcmpge
                0x0000000008002d0c                __aeabi_dcmpgt
 .text          0x0000000008002d20       0xa0 /home/radipta/opt/gcc-arm-none-eabi-7-2017-q4-major/bin/../lib/gcc/arm-none-eabi/7.2.1/thumb/v7e-m/libgcc.a(_arm_truncdfsf2.o)
                0x0000000008002d20                __aeabi_d2f
                0x0000000008002d20                __truncdfsf2
 .text          0x0000000008002dc0      0x21c /home/radipta/opt/gcc-arm-none-eabi-7-2017-q4-major/bin/../lib/gcc/arm-none-eabi/7.2.1/thumb/v7e-m/libgcc.a(_arm_addsubsf3.o)
                0x0000000008002dc0                __aeabi_frsub
                0x0000000008002dc8                __subsf3
                0x0000000008002dc8                __aeabi_fsub
                0x0000000008002dcc                __aeabi_fadd
                0x0000000008002dcc                __addsf3
                0x0000000008002f2c                __aeabi_ui2f
                0x0000000008002f2c                __floatunsisf
                0x0000000008002f34                __aeabi_i2f
                0x0000000008002f34                __floatsisf
                0x0000000008002f50                __floatundisf
                0x0000000008002f50                __aeabi_ul2f
                0x0000000008002f60                __floatdisf
                0x0000000008002f60                __aeabi_l2f
 .text          0x0000000008002fdc      0x2a0 /home/radipta/opt/gcc-arm-none-eabi-7-2017-q4-major/bin/../lib/gcc/arm-none-eabi/7.2.1/thumb/v7e-m/libgcc.a(_arm_muldivsf3.o)
                0x0000000008002fdc                __mulsf3
                0x0000000008002fdc                __aeabi_fmul
                0x0000000008003144                __divsf3
                0x0000000008003144                __aeabi_fdiv
 .text          0x000000000800327c       0xec /home/radipta/opt/gcc-arm-none-eabi-7-2017-q4-major/bin/../lib/gcc/arm-none-eabi/7.2.1/thumb/v7e-m/libgcc.a(_arm_cmpsf2.o)
                0x000000000800327c                __gtsf2
                0x000000000800327c                __gesf2
                0x0000000008003284                __lesf2
                0x0000000008003284                __ltsf2
                0x000000000800328c                __nesf2
                0x000000000800328c                __eqsf2
                0x000000000800328c                __cmpsf2
                0x00000000080032ec                __aeabi_cfrcmple
                0x00000000080032f4                __aeabi_cfcmple
                0x00000000080032f4                __aeabi_cfcmpeq
                0x0000000008003304                __aeabi_fcmpeq
                0x0000000008003318                __aeabi_fcmplt
                0x000000000800332c                __aeabi_fcmple
                0x0000000008003340                __aeabi_fcmpge
                0x0000000008003354                __aeabi_fcmpgt
 .text          0x0000000008003368       0x4c /home/radipta/opt/gcc-arm-none-eabi-7-2017-q4-major/bin/../lib/gcc/arm-none-eabi/7.2.1/thumb/v7e-m/libgcc.a(_arm_fixsfsi.o)
                0x0000000008003368                __fixsfsi
                0x0000000008003368                __aeabi_f2iz
 .text.atoi     0x00000000080033b4        0x8 /home/radipta/opt/gcc-arm-none-eabi-7-2017-q4-major/bin/../lib/gcc/arm-none-eabi/7.2.1/../../../../arm-none-eabi/lib/thumb/v7e-m/libg_nano.a(lib_a-atoi.o)
                0x00000000080033b4                atoi
 .text.__libc_init_array
                0x00000000080033bc       0x48 /home/radipta/opt/gcc-arm-none-eabi-7-2017-q4-major/bin/../lib/gcc/arm-none-eabi/7.2.1/../../../../arm-none-eabi/lib/thumb/v7e-m/libg_nano.a(lib_a-init.o)
                0x00000000080033bc                __libc_init_array
 .text.__cvt    0x0000000008003404       0xb8 /home/radipta/opt/gcc-arm-none-eabi-7-2017-q4-major/bin/../lib/gcc/arm-none-eabi/7.2.1/../../../../arm-none-eabi/lib/thumb/v7e-m/libg_nano.a(lib_a-nano-vfprintf_float.o)
                0x0000000008003404                __cvt
 .text.__exponent
                0x00000000080034bc       0x66 /home/radipta/opt/gcc-arm-none-eabi-7-2017-q4-major/bin/../lib/gcc/arm-none-eabi/7.2.1/../../../../arm-none-eabi/lib/thumb/v7e-m/libg_nano.a(lib_a-nano-vfprintf_float.o)
                0x00000000080034bc                __exponent
 *fill*         0x0000000008003522        0x2 
 .text._printf_float
                0x0000000008003524      0x46c /home/radipta/opt/gcc-arm-none-eabi-7-2017-q4-major/bin/../lib/gcc/arm-none-eabi/7.2.1/../../../../arm-none-eabi/lib/thumb/v7e-m/libg_nano.a(lib_a-nano-vfprintf_float.o)
                0x0000000008003524                _printf_float
 .text._printf_common
                0x0000000008003990       0xea /home/radipta/opt/gcc-arm-none-eabi-7-2017-q4-major/bin/../lib/gcc/arm-none-eabi/7.2.1/../../../../arm-none-eabi/lib/thumb/v7e-m/libg_nano.a(lib_a-nano-vfprintf_i.o)
                0x0000000008003990                _printf_common
 *fill*         0x0000000008003a7a        0x2 
 .text._printf_i
                0x0000000008003a7c      0x224 /home/radipta/opt/gcc-arm-none-eabi-7-2017-q4-major/bin/../lib/gcc/arm-none-eabi/7.2.1/../../../../arm-none-eabi/lib/thumb/v7e-m/libg_nano.a(lib_a-nano-vfprintf_i.o)
                0x0000000008003a7c                _printf_i
 .text.sprintf  0x0000000008003ca0       0x40 /home/radipta/opt/gcc-arm-none-eabi-7-2017-q4-major/bin/../lib/gcc/arm-none-eabi/7.2.1/../../../../arm-none-eabi/lib/thumb/v7e-m/libg_nano.a(lib_a-sprintf.o)
                0x0000000008003ca0                sprintf
                0x0000000008003ca0                siprintf
 .text          0x0000000008003ce0       0x10 /home/radipta/opt/gcc-arm-none-eabi-7-2017-q4-major/bin/../lib/gcc/arm-none-eabi/7.2.1/../../../../arm-none-eabi/lib/thumb/v7e-m/libg_nano.a(lib_a-strlen.o)
                0x0000000008003ce0                strlen
 .text._strtol_l.isra.0
                0x0000000008003cf0       0xf6 /home/radipta/opt/gcc-arm-none-eabi-7-2017-q4-major/bin/../lib/gcc/arm-none-eabi/7.2.1/../../../../arm-none-eabi/lib/thumb/v7e-m/libg_nano.a(lib_a-strtol.o)
 *fill*         0x0000000008003de6        0x2 
 .text.strtol   0x0000000008003de8       0x2c /home/radipta/opt/gcc-arm-none-eabi-7-2017-q4-major/bin/../lib/gcc/arm-none-eabi/7.2.1/../../../../arm-none-eabi/lib/thumb/v7e-m/libg_nano.a(lib_a-strtol.o)
                0x0000000008003de8                strtol
 .text.quorem   0x0000000008003e14      0x118 /home/radipta/opt/gcc-arm-none-eabi-7-2017-q4-major/bin/../lib/gcc/arm-none-eabi/7.2.1/../../../../arm-none-eabi/lib/thumb/v7e-m/libg_nano.a(lib_a-dtoa.o)
 *fill*         0x0000000008003f2c        0x4 
 .text._dtoa_r  0x0000000008003f30      0xb74 /home/radipta/opt/gcc-arm-none-eabi-7-2017-q4-major/bin/../lib/gcc/arm-none-eabi/7.2.1/../../../../arm-none-eabi/lib/thumb/v7e-m/libg_nano.a(lib_a-dtoa.o)
                0x0000000008003f30                _dtoa_r
 .text.__locale_ctype_ptr_l
                0x0000000008004aa4        0x6 /home/radipta/opt/gcc-arm-none-eabi-7-2017-q4-major/bin/../lib/gcc/arm-none-eabi/7.2.1/../../../../arm-none-eabi/lib/thumb/v7e-m/libg_nano.a(lib_a-locale.o)
                0x0000000008004aa4                __locale_ctype_ptr_l
 *fill*         0x0000000008004aaa        0x2 
 .text._localeconv_r
                0x0000000008004aac       0x1c /home/radipta/opt/gcc-arm-none-eabi-7-2017-q4-major/bin/../lib/gcc/arm-none-eabi/7.2.1/../../../../arm-none-eabi/lib/thumb/v7e-m/libg_nano.a(lib_a-localeconv.o)
                0x0000000008004aac                _localeconv_r
 .text.malloc   0x0000000008004ac8       0x10 /home/radipta/opt/gcc-arm-none-eabi-7-2017-q4-major/bin/../lib/gcc/arm-none-eabi/7.2.1/../../../../arm-none-eabi/lib/thumb/v7e-m/libg_nano.a(lib_a-malloc.o)
                0x0000000008004ac8                malloc
 .text.__ascii_mbtowc
                0x0000000008004ad8       0x24 /home/radipta/opt/gcc-arm-none-eabi-7-2017-q4-major/bin/../lib/gcc/arm-none-eabi/7.2.1/../../../../arm-none-eabi/lib/thumb/v7e-m/libg_nano.a(lib_a-mbtowc_r.o)
                0x0000000008004ad8                __ascii_mbtowc
 *fill*         0x0000000008004afc        0x4 
 .text          0x0000000008004b00       0xa0 /home/radipta/opt/gcc-arm-none-eabi-7-2017-q4-major/bin/../lib/gcc/arm-none-eabi/7.2.1/../../../../arm-none-eabi/lib/thumb/v7e-m/libg_nano.a(lib_a-memchr.o)
                0x0000000008004b00                memchr
 .text.memcpy   0x0000000008004ba0       0x16 /home/radipta/opt/gcc-arm-none-eabi-7-2017-q4-major/bin/../lib/gcc/arm-none-eabi/7.2.1/../../../../arm-none-eabi/lib/thumb/v7e-m/libg_nano.a(lib_a-memcpy-stub.o)
                0x0000000008004ba0                memcpy
 .text._Balloc  0x0000000008004bb6       0x68 /home/radipta/opt/gcc-arm-none-eabi-7-2017-q4-major/bin/../lib/gcc/arm-none-eabi/7.2.1/../../../../arm-none-eabi/lib/thumb/v7e-m/libg_nano.a(lib_a-mprec.o)
                0x0000000008004bb6                _Balloc
 .text._Bfree   0x0000000008004c1e       0x2e /home/radipta/opt/gcc-arm-none-eabi-7-2017-q4-major/bin/../lib/gcc/arm-none-eabi/7.2.1/../../../../arm-none-eabi/lib/thumb/v7e-m/libg_nano.a(lib_a-mprec.o)
                0x0000000008004c1e                _Bfree
 .text.__multadd
                0x0000000008004c4c       0x76 /home/radipta/opt/gcc-arm-none-eabi-7-2017-q4-major/bin/../lib/gcc/arm-none-eabi/7.2.1/../../../../arm-none-eabi/lib/thumb/v7e-m/libg_nano.a(lib_a-mprec.o)
                0x0000000008004c4c                __multadd
 .text.__hi0bits
                0x0000000008004cc2       0x3e /home/radipta/opt/gcc-arm-none-eabi-7-2017-q4-major/bin/../lib/gcc/arm-none-eabi/7.2.1/../../../../arm-none-eabi/lib/thumb/v7e-m/libg_nano.a(lib_a-mprec.o)
                0x0000000008004cc2                __hi0bits
 .text.__lo0bits
                0x0000000008004d00       0x5e /home/radipta/opt/gcc-arm-none-eabi-7-2017-q4-major/bin/../lib/gcc/arm-none-eabi/7.2.1/../../../../arm-none-eabi/lib/thumb/v7e-m/libg_nano.a(lib_a-mprec.o)
                0x0000000008004d00                __lo0bits
 .text.__i2b    0x0000000008004d5e       0x12 /home/radipta/opt/gcc-arm-none-eabi-7-2017-q4-major/bin/../lib/gcc/arm-none-eabi/7.2.1/../../../../arm-none-eabi/lib/thumb/v7e-m/libg_nano.a(lib_a-mprec.o)
                0x0000000008004d5e                __i2b
 .text.__multiply
                0x0000000008004d70      0x12c /home/radipta/opt/gcc-arm-none-eabi-7-2017-q4-major/bin/../lib/gcc/arm-none-eabi/7.2.1/../../../../arm-none-eabi/lib/thumb/v7e-m/libg_nano.a(lib_a-mprec.o)
                0x0000000008004d70                __multiply
 .text.__pow5mult
                0x0000000008004e9c       0x9c /home/radipta/opt/gcc-arm-none-eabi-7-2017-q4-major/bin/../lib/gcc/arm-none-eabi/7.2.1/../../../../arm-none-eabi/lib/thumb/v7e-m/libg_nano.a(lib_a-mprec.o)
                0x0000000008004e9c                __pow5mult
 .text.__lshift
                0x0000000008004f38       0xa8 /home/radipta/opt/gcc-arm-none-eabi-7-2017-q4-major/bin/../lib/gcc/arm-none-eabi/7.2.1/../../../../arm-none-eabi/lib/thumb/v7e-m/libg_nano.a(lib_a-mprec.o)
                0x0000000008004f38                __lshift
 .text.__mcmp   0x0000000008004fe0       0x34 /home/radipta/opt/gcc-arm-none-eabi-7-2017-q4-major/bin/../lib/gcc/arm-none-eabi/7.2.1/../../../../arm-none-eabi/lib/thumb/v7e-m/libg_nano.a(lib_a-mprec.o)
                0x0000000008004fe0                __mcmp
 .text.__mdiff  0x0000000008005014       0xba /home/radipta/opt/gcc-arm-none-eabi-7-2017-q4-major/bin/../lib/gcc/arm-none-eabi/7.2.1/../../../../arm-none-eabi/lib/thumb/v7e-m/libg_nano.a(lib_a-mprec.o)
                0x0000000008005014                __mdiff
 .text.__d2b    0x00000000080050ce       0x9e /home/radipta/opt/gcc-arm-none-eabi-7-2017-q4-major/bin/../lib/gcc/arm-none-eabi/7.2.1/../../../../arm-none-eabi/lib/thumb/v7e-m/libg_nano.a(lib_a-mprec.o)
                0x00000000080050ce                __d2b
 .text._calloc_r
                0x000000000800516c       0x1c /home/radipta/opt/gcc-arm-none-eabi-7-2017-q4-major/bin/../lib/gcc/arm-none-eabi/7.2.1/../../../../arm-none-eabi/lib/thumb/v7e-m/libg_nano.a(lib_a-nano-callocr.o)
                0x000000000800516c                _calloc_r
 .text._free_r  0x0000000008005188       0x9c /home/radipta/opt/gcc-arm-none-eabi-7-2017-q4-major/bin/../lib/gcc/arm-none-eabi/7.2.1/../../../../arm-none-eabi/lib/thumb/v7e-m/libg_nano.a(lib_a-nano-freer.o)
                0x0000000008005188                _free_r
 .text._malloc_r
                0x0000000008005224       0xb4 /home/radipta/opt/gcc-arm-none-eabi-7-2017-q4-major/bin/../lib/gcc/arm-none-eabi/7.2.1/../../../../arm-none-eabi/lib/thumb/v7e-m/libg_nano.a(lib_a-nano-mallocr.o)
                0x0000000008005224                _malloc_r
 .text.__ssputs_r
                0x00000000080052d8       0xb4 /home/radipta/opt/gcc-arm-none-eabi-7-2017-q4-major/bin/../lib/gcc/arm-none-eabi/7.2.1/../../../../arm-none-eabi/lib/thumb/v7e-m/libg_nano.a(lib_a-nano-svfprintf.o)
                0x00000000080052d8                __ssputs_r
 .text._svfprintf_r
                0x000000000800538c      0x1ec /home/radipta/opt/gcc-arm-none-eabi-7-2017-q4-major/bin/../lib/gcc/arm-none-eabi/7.2.1/../../../../arm-none-eabi/lib/thumb/v7e-m/libg_nano.a(lib_a-nano-svfprintf.o)
                0x000000000800538c                _svfprintf_r
                0x000000000800538c                _svfiprintf_r
 .text.__ascii_wctomb
                0x0000000008005578       0x1a /home/radipta/opt/gcc-arm-none-eabi-7-2017-q4-major/bin/../lib/gcc/arm-none-eabi/7.2.1/../../../../arm-none-eabi/lib/thumb/v7e-m/libg_nano.a(lib_a-wctomb_r.o)
                0x0000000008005578                __ascii_wctomb
 .text.memmove  0x0000000008005592       0x32 /home/radipta/opt/gcc-arm-none-eabi-7-2017-q4-major/bin/../lib/gcc/arm-none-eabi/7.2.1/../../../../arm-none-eabi/lib/thumb/v7e-m/libg_nano.a(lib_a-memmove.o)
                0x0000000008005592                memmove
 .text.memset   0x00000000080055c4       0x10 /home/radipta/opt/gcc-arm-none-eabi-7-2017-q4-major/bin/../lib/gcc/arm-none-eabi/7.2.1/../../../../arm-none-eabi/lib/thumb/v7e-m/libg_nano.a(lib_a-memset.o)
                0x00000000080055c4                memset
 .text.__malloc_lock
                0x00000000080055d4        0x2 /home/radipta/opt/gcc-arm-none-eabi-7-2017-q4-major/bin/../lib/gcc/arm-none-eabi/7.2.1/../../../../arm-none-eabi/lib/thumb/v7e-m/libg_nano.a(lib_a-mlock.o)
                0x00000000080055d4                __malloc_lock
 .text.__malloc_unlock
                0x00000000080055d6        0x2 /home/radipta/opt/gcc-arm-none-eabi-7-2017-q4-major/bin/../lib/gcc/arm-none-eabi/7.2.1/../../../../arm-none-eabi/lib/thumb/v7e-m/libg_nano.a(lib_a-mlock.o)
                0x00000000080055d6                __malloc_unlock
 .text._realloc_r
                0x00000000080055d8       0x4c /home/radipta/opt/gcc-arm-none-eabi-7-2017-q4-major/bin/../lib/gcc/arm-none-eabi/7.2.1/../../../../arm-none-eabi/lib/thumb/v7e-m/libg_nano.a(lib_a-nano-reallocr.o)
                0x00000000080055d8                _realloc_r
 .text._malloc_usable_size_r
                0x0000000008005624       0x10 /home/radipta/opt/gcc-arm-none-eabi-7-2017-q4-major/bin/../lib/gcc/arm-none-eabi/7.2.1/../../../../arm-none-eabi/lib/thumb/v7e-m/libg_nano.a(lib_a-nano-msizer.o)
                0x0000000008005624                _malloc_usable_size_r
 .text          0x0000000008005634       0x2c /home/radipta/opt/gcc-arm-none-eabi-7-2017-q4-major/bin/../lib/gcc/arm-none-eabi/7.2.1/thumb/v7e-m/libgcc.a(_arm_unorddf2.o)
                0x0000000008005634                __aeabi_dcmpun
                0x0000000008005634                __unorddf2
 .text          0x0000000008005660       0x50 /home/radipta/opt/gcc-arm-none-eabi-7-2017-q4-major/bin/../lib/gcc/arm-none-eabi/7.2.1/thumb/v7e-m/libgcc.a(_arm_fixdfsi.o)
                0x0000000008005660                __fixdfsi
                0x0000000008005660                __aeabi_d2iz
 *(.rodata .rodata.* .constdata .constdata.*)
 .rodata.main.str1.4
                0x00000000080056b0       0x38 ./src/main.o
 .rodata.setDataPWM.str1.4
                0x00000000080056e8       0x38 ./src/usart.o
                                          0x2 (size before relaxing)
 .rodata.setDataRPM.str1.4
                0x00000000080056e8       0x1c ./src/usart.o
                                         0x1a (size before relaxing)
 *fill*         0x0000000008005704        0x4 
 .rodata.atanhi
                0x0000000008005708       0x20 /home/radipta/opt/gcc-arm-none-eabi-7-2017-q4-major/bin/../lib/gcc/arm-none-eabi/7.2.1/../../../../arm-none-eabi/lib/thumb/v7e-m/libm.a(lib_a-s_atan.o)
 .rodata.atanlo
                0x0000000008005728       0x20 /home/radipta/opt/gcc-arm-none-eabi-7-2017-q4-major/bin/../lib/gcc/arm-none-eabi/7.2.1/../../../../arm-none-eabi/lib/thumb/v7e-m/libm.a(lib_a-s_atan.o)
 .rodata._printf_float.str1.1
                0x0000000008005748       0x12 /home/radipta/opt/gcc-arm-none-eabi-7-2017-q4-major/bin/../lib/gcc/arm-none-eabi/7.2.1/../../../../arm-none-eabi/lib/thumb/v7e-m/libg_nano.a(lib_a-nano-vfprintf_float.o)
 .rodata._printf_i.str1.1
                0x000000000800575a       0x22 /home/radipta/opt/gcc-arm-none-eabi-7-2017-q4-major/bin/../lib/gcc/arm-none-eabi/7.2.1/../../../../arm-none-eabi/lib/thumb/v7e-m/libg_nano.a(lib_a-nano-vfprintf_i.o)
 .rodata._dtoa_r.str1.1
                0x000000000800577c        0xd /home/radipta/opt/gcc-arm-none-eabi-7-2017-q4-major/bin/../lib/gcc/arm-none-eabi/7.2.1/../../../../arm-none-eabi/lib/thumb/v7e-m/libg_nano.a(lib_a-dtoa.o)
                                          0xf (size before relaxing)
 .rodata._setlocale_r.str1.1
                0x0000000008005789        0x8 /home/radipta/opt/gcc-arm-none-eabi-7-2017-q4-major/bin/../lib/gcc/arm-none-eabi/7.2.1/../../../../arm-none-eabi/lib/thumb/v7e-m/libg_nano.a(lib_a-locale.o)
                                          0x9 (size before relaxing)
 .rodata.str1.1
                0x0000000008005791        0x2 /home/radipta/opt/gcc-arm-none-eabi-7-2017-q4-major/bin/../lib/gcc/arm-none-eabi/7.2.1/../../../../arm-none-eabi/lib/thumb/v7e-m/libg_nano.a(lib_a-locale.o)
 *fill*         0x0000000008005793        0x5 
 .rodata.__mprec_bigtens
                0x0000000008005798       0x28 /home/radipta/opt/gcc-arm-none-eabi-7-2017-q4-major/bin/../lib/gcc/arm-none-eabi/7.2.1/../../../../arm-none-eabi/lib/thumb/v7e-m/libg_nano.a(lib_a-mprec.o)
                0x0000000008005798                __mprec_bigtens
 .rodata.__mprec_tens
                0x00000000080057c0       0xc8 /home/radipta/opt/gcc-arm-none-eabi-7-2017-q4-major/bin/../lib/gcc/arm-none-eabi/7.2.1/../../../../arm-none-eabi/lib/thumb/v7e-m/libg_nano.a(lib_a-mprec.o)
                0x00000000080057c0                __mprec_tens
 .rodata.p05.6084
                0x0000000008005888        0xc /home/radipta/opt/gcc-arm-none-eabi-7-2017-q4-major/bin/../lib/gcc/arm-none-eabi/7.2.1/../../../../arm-none-eabi/lib/thumb/v7e-m/libg_nano.a(lib_a-mprec.o)
 .rodata._svfprintf_r.str1.1
                0x0000000008005894       0x11 /home/radipta/opt/gcc-arm-none-eabi-7-2017-q4-major/bin/../lib/gcc/arm-none-eabi/7.2.1/../../../../arm-none-eabi/lib/thumb/v7e-m/libg_nano.a(lib_a-nano-svfprintf.o)
 .rodata._ctype_
                0x00000000080058a5      0x101 /home/radipta/opt/gcc-arm-none-eabi-7-2017-q4-major/bin/../lib/gcc/arm-none-eabi/7.2.1/../../../../arm-none-eabi/lib/thumb/v7e-m/libg_nano.a(lib_a-ctype_.o)
                0x00000000080058a5                _ctype_
 *(vtable)
 *(.eh_frame*)
 *(.glue_7)
 .glue_7        0x00000000080059a6        0x0 linker stubs
 *(.glue_7t)
 .glue_7t       0x00000000080059a6        0x0 linker stubs

.vfp11_veneer   0x00000000080059a8        0x0
 .vfp11_veneer  0x00000000080059a8        0x0 linker stubs

.v4_bx          0x00000000080059a8        0x0
 .v4_bx         0x00000000080059a8        0x0 linker stubs

.iplt           0x00000000080059a8        0x0
 .iplt          0x00000000080059a8        0x0 ./system/src/peripherals/misc.o

.rel.dyn        0x00000000080059a8        0x0
 .rel.iplt      0x00000000080059a8        0x0 ./system/src/peripherals/misc.o

.ARM.extab
 *(.ARM.extab* .gnu.linkonce.armextab.*)
                0x00000000080059a8                . = ALIGN (0x4)
                0x00000000080059a8                __exidx_start = .

.ARM.exidx
 *(.ARM.exidx* .gnu.linkonce.armexidx.*)
                0x00000000080059a8                __exidx_end = .
                0x00000000080059a8                . = ALIGN (0x4)
                0x00000000080059a8                _etext = .
                0x00000000080059a8                __etext = .

.data_CCMRAM    0x0000000010000000        0x0 load address 0x00000000080059a8
 FILL mask 0xff
 *(.data.CCMRAM .data.CCMRAM.*)
                0x0000000010000000                . = ALIGN (0x4)
                0x00000000080059a8                _sidata = LOADADDR (.data)

.data           0x0000000020000000      0x1f8 load address 0x00000000080059a8
 FILL mask 0xff
                0x0000000020000000                _sdata = .
                0x0000000020000000                __data_start__ = .
 *(.data_begin .data_begin.*)
 *(.data .data.*)
 .data.APBAHBPrescTable
                0x0000000020000000       0x10 ./system/src/peripherals/stm32f4xx_rcc.o
 .data.KiX      0x0000000020000010        0x4 ./src/motion.o
                0x0000000020000010                KiX
 .data.KiY      0x0000000020000014        0x4 ./src/motion.o
                0x0000000020000014                KiY
 .data.KpX      0x0000000020000018        0x4 ./src/motion.o
                0x0000000020000018                KpX
 .data.KpY      0x000000002000001c        0x4 ./src/motion.o
                0x000000002000001c                KpY
 .data.pwm_period
                0x0000000020000020        0x4 ./src/motion.o
                0x0000000020000020                pwm_period
 .data.samplingtime
                0x0000000020000024        0x4 ./src/motion.o
                0x0000000020000024                samplingtime
 .data._impure_ptr
                0x0000000020000028        0x4 /home/radipta/opt/gcc-arm-none-eabi-7-2017-q4-major/bin/../lib/gcc/arm-none-eabi/7.2.1/../../../../arm-none-eabi/lib/thumb/v7e-m/libg_nano.a(lib_a-impure.o)
                0x0000000020000028                _impure_ptr
 .data.impure_data
                0x000000002000002c       0x60 /home/radipta/opt/gcc-arm-none-eabi-7-2017-q4-major/bin/../lib/gcc/arm-none-eabi/7.2.1/../../../../arm-none-eabi/lib/thumb/v7e-m/libg_nano.a(lib_a-impure.o)
 .data.__global_locale
                0x000000002000008c      0x16c /home/radipta/opt/gcc-arm-none-eabi-7-2017-q4-major/bin/../lib/gcc/arm-none-eabi/7.2.1/../../../../arm-none-eabi/lib/thumb/v7e-m/libg_nano.a(lib_a-locale.o)
                0x000000002000008c                __global_locale
 *(.data_end .data_end.*)
                0x00000000200001f8                . = ALIGN (0x4)
                0x00000000200001f8                _edata = .
                0x00000000200001f8                __data_end__ = .

.igot.plt       0x00000000200001f8        0x0 load address 0x0000000008005ba0
 .igot.plt      0x00000000200001f8        0x0 ./system/src/peripherals/misc.o

.bss_CCMRAM     0x0000000010000000        0x0
 *(.bss.CCMRAM .bss.CCMRAM.*)

.bss            0x00000000200001f8      0x1dc
                0x00000000200001f8                __bss_start__ = .
                0x00000000200001f8                _sbss = .
 *(.bss_begin .bss_begin.*)
 *(.bss .bss.*)
 .bss.sysTickCounter
                0x00000000200001f8        0x4 ./src/delay.o
 .bss.KdX       0x00000000200001fc        0x4 ./src/motion.o
                0x00000000200001fc                KdX
 .bss.KdY       0x0000000020000200        0x4 ./src/motion.o
                0x0000000020000200                KdY
 .bss.d_errorX  0x0000000020000204        0x4 ./src/motion.o
                0x0000000020000204                d_errorX
 .bss.d_errorY  0x0000000020000208        0x4 ./src/motion.o
                0x0000000020000208                d_errorY
 .bss.eX_last   0x000000002000020c        0x4 ./src/motion.o
                0x000000002000020c                eX_last
 .bss.eY_last   0x0000000020000210        0x4 ./src/motion.o
                0x0000000020000210                eY_last
 .bss.i_errorX  0x0000000020000214        0x4 ./src/motion.o
                0x0000000020000214                i_errorX
 .bss.i_errorY  0x0000000020000218        0x4 ./src/motion.o
                0x0000000020000218                i_errorY
 .bss.pidX      0x000000002000021c        0x4 ./src/motion.o
                0x000000002000021c                pidX
 .bss.pidY      0x0000000020000220        0x4 ./src/motion.o
                0x0000000020000220                pidY
 .bss.xdeg      0x0000000020000224        0x4 ./src/motion.o
                0x0000000020000224                xdeg
 .bss.ydeg      0x0000000020000228        0x4 ./src/motion.o
                0x0000000020000228                ydeg
 .bss.heap_end.7834
                0x000000002000022c        0x4 ./src/syscalls.o
 .bss.aftc      0x0000000020000230        0x4 ./src/usart.o
                0x0000000020000230                aftc
 .bss.i         0x0000000020000234        0x4 ./src/usart.o
                0x0000000020000234                i
 .bss.n         0x0000000020000238        0x4 ./src/usart.o
                0x0000000020000238                n
 .bss.stateA    0x000000002000023c        0x4 ./src/usart.o
                0x000000002000023c                stateA
 .bss.stateB    0x0000000020000240        0x4 ./src/usart.o
                0x0000000020000240                stateB
 .bss.stateC    0x0000000020000244        0x4 ./src/usart.o
                0x0000000020000244                stateC
 .bss.x         0x0000000020000248        0x4 ./src/usart.o
                0x0000000020000248                x
 .bss.__malloc_free_list
                0x000000002000024c        0x4 /home/radipta/opt/gcc-arm-none-eabi-7-2017-q4-major/bin/../lib/gcc/arm-none-eabi/7.2.1/../../../../arm-none-eabi/lib/thumb/v7e-m/libg_nano.a(lib_a-nano-mallocr.o)
                0x000000002000024c                __malloc_free_list
 .bss.__malloc_sbrk_start
                0x0000000020000250        0x4 /home/radipta/opt/gcc-arm-none-eabi-7-2017-q4-major/bin/../lib/gcc/arm-none-eabi/7.2.1/../../../../arm-none-eabi/lib/thumb/v7e-m/libg_nano.a(lib_a-nano-mallocr.o)
                0x0000000020000250                __malloc_sbrk_start
 *(COMMON)
 COMMON         0x0000000020000254       0x64 ./src/main.o
                0x0000000020000254                buffer
 COMMON         0x00000000200002b8       0x48 ./src/motion.o
                0x00000000200002b8                b
                0x00000000200002bc                B_rpm
                0x00000000200002c0                A_rpm
                0x00000000200002c8                w
                0x00000000200002d0                C_rpm
                0x00000000200002d4                c
                0x00000000200002d8                y
                0x00000000200002dc                show
                0x00000000200002e8                a
                0x00000000200002f0                e
                0x00000000200002f8                q
 COMMON         0x0000000020000300       0x40 ./src/sensor.o
                0x0000000020000300                z
                0x0000000020000304                ytmp
                0x0000000020000308                bufADC
                0x000000002000033c                xtmp
 COMMON         0x0000000020000340       0x91 ./src/usart.o
                0x0000000020000340                mtr3b
                0x0000000020000341                mtr3a
                0x0000000020000344                bufferX
                0x0000000020000376                mtr1b
                0x0000000020000378                temp
                0x0000000020000384                mtr2_b
                0x000000002000038c                mtr1_b
                0x0000000020000394                mtr3_a
                0x000000002000039c                data
                0x00000000200003b8                mtr2a
                0x00000000200003bc                mtr2_a
                0x00000000200003c1                mtr1a
                0x00000000200003c2                data_received
                0x00000000200003c4                mtr1_a
                0x00000000200003c9                mtr2b
                0x00000000200003cc                mtr3_b
 *(.bss_end .bss_end.*)
                0x00000000200003d4                . = ALIGN (0x4)
 *fill*         0x00000000200003d1        0x3 
                0x00000000200003d4                __bss_end__ = .
                0x00000000200003d4                _ebss = .

.noinit_CCMRAM
 *(.noinit.CCMRAM .noinit.CCMRAM.*)

.noinit         0x00000000200003d4        0x0
                0x00000000200003d4                _noinit = .
 *(.noinit .noinit.*)
                0x00000000200003d4                . = ALIGN (0x4)
                0x00000000200003d4                _end_noinit = .
                0x00000000200003d4                PROVIDE (end, _end_noinit)
                [!provide]                        PROVIDE (_end, _end_noinit)
                [!provide]                        PROVIDE (__end, _end_noinit)
                [!provide]                        PROVIDE (__end__, _end_noinit)

._check_stack   0x00000000200003d4      0x100
                0x00000000200004d4                . = (. + _Minimum_Stack_Size)
 *fill*         0x00000000200003d4      0x100 

.b1text
 *(.b1text)
 *(.b1rodata)
 *(.b1rodata.*)

.eb0text
 *(.eb0text)
 *(.eb0rodata)
 *(.eb0rodata.*)

.eb1text
 *(.eb1text)
 *(.eb1rodata)
 *(.eb1rodata.*)

.eb2text
 *(.eb2text)
 *(.eb2rodata)
 *(.eb2rodata.*)

.eb3text
 *(.eb3text)
 *(.eb3rodata)
 *(.eb3rodata.*)

.stab
 *(.stab)

.stabstr
 *(.stabstr)

.stab.excl
 *(.stab.excl)

.stab.exclstr
 *(.stab.exclstr)

.stab.index
 *(.stab.index)

.stab.indexstr
 *(.stab.indexstr)

.comment        0x0000000000000000       0x7e
 *(.comment)
 .comment       0x0000000000000000       0x7e ./system/src/peripherals/misc.o
                                         0x7f (size before relaxing)
 .comment       0x000000000000007e       0x7f ./system/src/peripherals/stm32f4xx_adc.o
 .comment       0x000000000000007e       0x7f ./system/src/peripherals/stm32f4xx_gpio.o
 .comment       0x000000000000007e       0x7f ./system/src/peripherals/stm32f4xx_rcc.o
 .comment       0x000000000000007e       0x7f ./system/src/peripherals/stm32f4xx_tim.o
 .comment       0x000000000000007e       0x7f ./system/src/peripherals/stm32f4xx_usart.o
 .comment       0x000000000000007e       0x7f ./src/delay.o
 .comment       0x000000000000007e       0x7f ./src/main.o
 .comment       0x000000000000007e       0x7f ./src/motion.o
 .comment       0x000000000000007e       0x7f ./src/sensor.o
 .comment       0x000000000000007e       0x7f ./src/stm32f4xx_it.o
 .comment       0x000000000000007e       0x7f ./src/syscalls.o
 .comment       0x000000000000007e       0x7f ./src/system_stm32f4xx.o
 .comment       0x000000000000007e       0x7f ./src/tm_stm32f4_exti.o
 .comment       0x000000000000007e       0x7f ./src/usart.o

.ARM.attributes
                0x0000000000000000       0x31
 .ARM.attributes
                0x0000000000000000       0x33 ./system/src/peripherals/misc.o
 .ARM.attributes
                0x0000000000000033       0x33 ./system/src/peripherals/stm32f4xx_adc.o
 .ARM.attributes
                0x0000000000000066       0x33 ./system/src/peripherals/stm32f4xx_gpio.o
 .ARM.attributes
                0x0000000000000099       0x33 ./system/src/peripherals/stm32f4xx_rcc.o
 .ARM.attributes
                0x00000000000000cc       0x33 ./system/src/peripherals/stm32f4xx_tim.o
 .ARM.attributes
                0x00000000000000ff       0x33 ./system/src/peripherals/stm32f4xx_usart.o
 .ARM.attributes
                0x0000000000000132       0x21 ./system/startup_stm32f4xx.o
 .ARM.attributes
                0x0000000000000153       0x33 ./src/delay.o
 .ARM.attributes
                0x0000000000000186       0x33 ./src/main.o
 .ARM.attributes
                0x00000000000001b9       0x33 ./src/motion.o
 .ARM.attributes
                0x00000000000001ec       0x33 ./src/sensor.o
 .ARM.attributes
                0x000000000000021f       0x33 ./src/stm32f4xx_it.o
 .ARM.attributes
                0x0000000000000252       0x33 ./src/syscalls.o
 .ARM.attributes
                0x0000000000000285       0x33 ./src/system_stm32f4xx.o
 .ARM.attributes
                0x00000000000002b8       0x33 ./src/tm_stm32f4_exti.o
 .ARM.attributes
                0x00000000000002eb       0x33 ./src/usart.o
 .ARM.attributes
                0x000000000000031e       0x2e /home/radipta/opt/gcc-arm-none-eabi-7-2017-q4-major/bin/../lib/gcc/arm-none-eabi/7.2.1/../../../../arm-none-eabi/lib/thumb/v7e-m/libm.a(lib_a-w_atan2.o)
 .ARM.attributes
                0x000000000000034c       0x2e /home/radipta/opt/gcc-arm-none-eabi-7-2017-q4-major/bin/../lib/gcc/arm-none-eabi/7.2.1/../../../../arm-none-eabi/lib/thumb/v7e-m/libm.a(lib_a-e_atan2.o)
 .ARM.attributes
                0x000000000000037a       0x2e /home/radipta/opt/gcc-arm-none-eabi-7-2017-q4-major/bin/../lib/gcc/arm-none-eabi/7.2.1/../../../../arm-none-eabi/lib/thumb/v7e-m/libm.a(lib_a-s_atan.o)
 .ARM.attributes
                0x00000000000003a8       0x2e /home/radipta/opt/gcc-arm-none-eabi-7-2017-q4-major/bin/../lib/gcc/arm-none-eabi/7.2.1/../../../../arm-none-eabi/lib/thumb/v7e-m/libm.a(lib_a-s_fabs.o)
 .ARM.attributes
                0x00000000000003d6       0x1e /home/radipta/opt/gcc-arm-none-eabi-7-2017-q4-major/bin/../lib/gcc/arm-none-eabi/7.2.1/thumb/v7e-m/libgcc.a(_arm_addsubdf3.o)
 .ARM.attributes
                0x00000000000003f4       0x1e /home/radipta/opt/gcc-arm-none-eabi-7-2017-q4-major/bin/../lib/gcc/arm-none-eabi/7.2.1/thumb/v7e-m/libgcc.a(_arm_muldivdf3.o)
 .ARM.attributes
                0x0000000000000412       0x1e /home/radipta/opt/gcc-arm-none-eabi-7-2017-q4-major/bin/../lib/gcc/arm-none-eabi/7.2.1/thumb/v7e-m/libgcc.a(_arm_cmpdf2.o)
 .ARM.attributes
                0x0000000000000430       0x1e /home/radipta/opt/gcc-arm-none-eabi-7-2017-q4-major/bin/../lib/gcc/arm-none-eabi/7.2.1/thumb/v7e-m/libgcc.a(_arm_truncdfsf2.o)
 .ARM.attributes
                0x000000000000044e       0x1e /home/radipta/opt/gcc-arm-none-eabi-7-2017-q4-major/bin/../lib/gcc/arm-none-eabi/7.2.1/thumb/v7e-m/libgcc.a(_arm_addsubsf3.o)
 .ARM.attributes
                0x000000000000046c       0x1e /home/radipta/opt/gcc-arm-none-eabi-7-2017-q4-major/bin/../lib/gcc/arm-none-eabi/7.2.1/thumb/v7e-m/libgcc.a(_arm_muldivsf3.o)
 .ARM.attributes
                0x000000000000048a       0x1e /home/radipta/opt/gcc-arm-none-eabi-7-2017-q4-major/bin/../lib/gcc/arm-none-eabi/7.2.1/thumb/v7e-m/libgcc.a(_arm_cmpsf2.o)
 .ARM.attributes
                0x00000000000004a8       0x1e /home/radipta/opt/gcc-arm-none-eabi-7-2017-q4-major/bin/../lib/gcc/arm-none-eabi/7.2.1/thumb/v7e-m/libgcc.a(_arm_fixsfsi.o)
 .ARM.attributes
                0x00000000000004c6       0x2e /home/radipta/opt/gcc-arm-none-eabi-7-2017-q4-major/bin/../lib/gcc/arm-none-eabi/7.2.1/../../../../arm-none-eabi/lib/thumb/v7e-m/libg_nano.a(lib_a-atoi.o)
 .ARM.attributes
                0x00000000000004f4       0x2e /home/radipta/opt/gcc-arm-none-eabi-7-2017-q4-major/bin/../lib/gcc/arm-none-eabi/7.2.1/../../../../arm-none-eabi/lib/thumb/v7e-m/libg_nano.a(lib_a-init.o)
 .ARM.attributes
                0x0000000000000522       0x2e /home/radipta/opt/gcc-arm-none-eabi-7-2017-q4-major/bin/../lib/gcc/arm-none-eabi/7.2.1/../../../../arm-none-eabi/lib/thumb/v7e-m/libg_nano.a(lib_a-nano-vfprintf_float.o)
 .ARM.attributes
                0x0000000000000550       0x2e /home/radipta/opt/gcc-arm-none-eabi-7-2017-q4-major/bin/../lib/gcc/arm-none-eabi/7.2.1/../../../../arm-none-eabi/lib/thumb/v7e-m/libg_nano.a(lib_a-nano-vfprintf_i.o)
 .ARM.attributes
                0x000000000000057e       0x2e /home/radipta/opt/gcc-arm-none-eabi-7-2017-q4-major/bin/../lib/gcc/arm-none-eabi/7.2.1/../../../../arm-none-eabi/lib/thumb/v7e-m/libg_nano.a(lib_a-sprintf.o)
 .ARM.attributes
                0x00000000000005ac       0x17 /home/radipta/opt/gcc-arm-none-eabi-7-2017-q4-major/bin/../lib/gcc/arm-none-eabi/7.2.1/../../../../arm-none-eabi/lib/thumb/v7e-m/libg_nano.a(lib_a-strlen.o)
 .ARM.attributes
                0x00000000000005c3       0x2e /home/radipta/opt/gcc-arm-none-eabi-7-2017-q4-major/bin/../lib/gcc/arm-none-eabi/7.2.1/../../../../arm-none-eabi/lib/thumb/v7e-m/libg_nano.a(lib_a-strtol.o)
 .ARM.attributes
                0x00000000000005f1       0x2e /home/radipta/opt/gcc-arm-none-eabi-7-2017-q4-major/bin/../lib/gcc/arm-none-eabi/7.2.1/../../../../arm-none-eabi/lib/thumb/v7e-m/libg_nano.a(lib_a-dtoa.o)
 .ARM.attributes
                0x000000000000061f       0x2e /home/radipta/opt/gcc-arm-none-eabi-7-2017-q4-major/bin/../lib/gcc/arm-none-eabi/7.2.1/../../../../arm-none-eabi/lib/thumb/v7e-m/libg_nano.a(lib_a-impure.o)
 .ARM.attributes
                0x000000000000064d       0x2e /home/radipta/opt/gcc-arm-none-eabi-7-2017-q4-major/bin/../lib/gcc/arm-none-eabi/7.2.1/../../../../arm-none-eabi/lib/thumb/v7e-m/libg_nano.a(lib_a-locale.o)
 .ARM.attributes
                0x000000000000067b       0x2e /home/radipta/opt/gcc-arm-none-eabi-7-2017-q4-major/bin/../lib/gcc/arm-none-eabi/7.2.1/../../../../arm-none-eabi/lib/thumb/v7e-m/libg_nano.a(lib_a-localeconv.o)
 .ARM.attributes
                0x00000000000006a9       0x2e /home/radipta/opt/gcc-arm-none-eabi-7-2017-q4-major/bin/../lib/gcc/arm-none-eabi/7.2.1/../../../../arm-none-eabi/lib/thumb/v7e-m/libg_nano.a(lib_a-malloc.o)
 .ARM.attributes
                0x00000000000006d7       0x2e /home/radipta/opt/gcc-arm-none-eabi-7-2017-q4-major/bin/../lib/gcc/arm-none-eabi/7.2.1/../../../../arm-none-eabi/lib/thumb/v7e-m/libg_nano.a(lib_a-mbtowc_r.o)
 .ARM.attributes
                0x0000000000000705       0x1c /home/radipta/opt/gcc-arm-none-eabi-7-2017-q4-major/bin/../lib/gcc/arm-none-eabi/7.2.1/../../../../arm-none-eabi/lib/thumb/v7e-m/libg_nano.a(lib_a-memchr.o)
 .ARM.attributes
                0x0000000000000721       0x2e /home/radipta/opt/gcc-arm-none-eabi-7-2017-q4-major/bin/../lib/gcc/arm-none-eabi/7.2.1/../../../../arm-none-eabi/lib/thumb/v7e-m/libg_nano.a(lib_a-memcpy-stub.o)
 .ARM.attributes
                0x000000000000074f       0x2e /home/radipta/opt/gcc-arm-none-eabi-7-2017-q4-major/bin/../lib/gcc/arm-none-eabi/7.2.1/../../../../arm-none-eabi/lib/thumb/v7e-m/libg_nano.a(lib_a-mprec.o)
 .ARM.attributes
                0x000000000000077d       0x2e /home/radipta/opt/gcc-arm-none-eabi-7-2017-q4-major/bin/../lib/gcc/arm-none-eabi/7.2.1/../../../../arm-none-eabi/lib/thumb/v7e-m/libg_nano.a(lib_a-nano-callocr.o)
 .ARM.attributes
                0x00000000000007ab       0x2e /home/radipta/opt/gcc-arm-none-eabi-7-2017-q4-major/bin/../lib/gcc/arm-none-eabi/7.2.1/../../../../arm-none-eabi/lib/thumb/v7e-m/libg_nano.a(lib_a-nano-freer.o)
 .ARM.attributes
                0x00000000000007d9       0x2e /home/radipta/opt/gcc-arm-none-eabi-7-2017-q4-major/bin/../lib/gcc/arm-none-eabi/7.2.1/../../../../arm-none-eabi/lib/thumb/v7e-m/libg_nano.a(lib_a-nano-mallocr.o)
 .ARM.attributes
                0x0000000000000807       0x2e /home/radipta/opt/gcc-arm-none-eabi-7-2017-q4-major/bin/../lib/gcc/arm-none-eabi/7.2.1/../../../../arm-none-eabi/lib/thumb/v7e-m/libg_nano.a(lib_a-nano-svfprintf.o)
 .ARM.attributes
                0x0000000000000835       0x2e /home/radipta/opt/gcc-arm-none-eabi-7-2017-q4-major/bin/../lib/gcc/arm-none-eabi/7.2.1/../../../../arm-none-eabi/lib/thumb/v7e-m/libg_nano.a(lib_a-wctomb_r.o)
 .ARM.attributes
                0x0000000000000863       0x2e /home/radipta/opt/gcc-arm-none-eabi-7-2017-q4-major/bin/../lib/gcc/arm-none-eabi/7.2.1/../../../../arm-none-eabi/lib/thumb/v7e-m/libg_nano.a(lib_a-ctype_.o)
 .ARM.attributes
                0x0000000000000891       0x2e /home/radipta/opt/gcc-arm-none-eabi-7-2017-q4-major/bin/../lib/gcc/arm-none-eabi/7.2.1/../../../../arm-none-eabi/lib/thumb/v7e-m/libg_nano.a(lib_a-memmove.o)
 .ARM.attributes
                0x00000000000008bf       0x2e /home/radipta/opt/gcc-arm-none-eabi-7-2017-q4-major/bin/../lib/gcc/arm-none-eabi/7.2.1/../../../../arm-none-eabi/lib/thumb/v7e-m/libg_nano.a(lib_a-memset.o)
 .ARM.attributes
                0x00000000000008ed       0x2e /home/radipta/opt/gcc-arm-none-eabi-7-2017-q4-major/bin/../lib/gcc/arm-none-eabi/7.2.1/../../../../arm-none-eabi/lib/thumb/v7e-m/libg_nano.a(lib_a-mlock.o)
 .ARM.attributes
                0x000000000000091b       0x2e /home/radipta/opt/gcc-arm-none-eabi-7-2017-q4-major/bin/../lib/gcc/arm-none-eabi/7.2.1/../../../../arm-none-eabi/lib/thumb/v7e-m/libg_nano.a(lib_a-nano-reallocr.o)
 .ARM.attributes
                0x0000000000000949       0x2e /home/radipta/opt/gcc-arm-none-eabi-7-2017-q4-major/bin/../lib/gcc/arm-none-eabi/7.2.1/../../../../arm-none-eabi/lib/thumb/v7e-m/libg_nano.a(lib_a-nano-msizer.o)
 .ARM.attributes
                0x0000000000000977       0x1e /home/radipta/opt/gcc-arm-none-eabi-7-2017-q4-major/bin/../lib/gcc/arm-none-eabi/7.2.1/thumb/v7e-m/libgcc.a(_arm_unorddf2.o)
 .ARM.attributes
                0x0000000000000995       0x1e /home/radipta/opt/gcc-arm-none-eabi-7-2017-q4-major/bin/../lib/gcc/arm-none-eabi/7.2.1/thumb/v7e-m/libgcc.a(_arm_fixdfsi.o)

.debug
 *(.debug)

.line
 *(.line)

.debug_srcinfo
 *(.debug_srcinfo)

.debug_sfnames
 *(.debug_sfnames)

.debug_aranges  0x0000000000000000      0xad8
 *(.debug_aranges)
 .debug_aranges
                0x0000000000000000       0x40 ./system/src/peripherals/misc.o
 .debug_aranges
                0x0000000000000040      0x148 ./system/src/peripherals/stm32f4xx_adc.o
 .debug_aranges
                0x0000000000000188       0x88 ./system/src/peripherals/stm32f4xx_gpio.o
 .debug_aranges
                0x0000000000000210      0x178 ./system/src/peripherals/stm32f4xx_rcc.o
 .debug_aranges
                0x0000000000000388      0x2f8 ./system/src/peripherals/stm32f4xx_tim.o
 .debug_aranges
                0x0000000000000680      0x100 ./system/src/peripherals/stm32f4xx_usart.o
 .debug_aranges
                0x0000000000000780       0x28 ./system/startup_stm32f4xx.o
 .debug_aranges
                0x00000000000007a8       0x48 ./src/delay.o
 .debug_aranges
                0x00000000000007f0       0x50 ./src/main.o
 .debug_aranges
                0x0000000000000840       0xb8 ./src/motion.o
 .debug_aranges
                0x00000000000008f8       0x30 ./src/sensor.o
 .debug_aranges
                0x0000000000000928       0x58 ./src/stm32f4xx_it.o
 .debug_aranges
                0x0000000000000980       0x58 ./src/syscalls.o
 .debug_aranges
                0x00000000000009d8       0x30 ./src/system_stm32f4xx.o
 .debug_aranges
                0x0000000000000a08       0x68 ./src/tm_stm32f4_exti.o
 .debug_aranges
                0x0000000000000a70       0x68 ./src/usart.o

.debug_pubnames
 *(.debug_pubnames)

.debug_info     0x0000000000000000     0xcf2a
 *(.debug_info .gnu.linkonce.wi.*)
 .debug_info    0x0000000000000000      0x54f ./system/src/peripherals/misc.o
 .debug_info    0x000000000000054f      0xc91 ./system/src/peripherals/stm32f4xx_adc.o
 .debug_info    0x00000000000011e0      0x7ee ./system/src/peripherals/stm32f4xx_gpio.o
 .debug_info    0x00000000000019ce      0xca9 ./system/src/peripherals/stm32f4xx_rcc.o
 .debug_info    0x0000000000002677     0x2109 ./system/src/peripherals/stm32f4xx_tim.o
 .debug_info    0x0000000000004780      0xb39 ./system/src/peripherals/stm32f4xx_usart.o
 .debug_info    0x00000000000052b9       0x22 ./system/startup_stm32f4xx.o
 .debug_info    0x00000000000052db      0x760 ./src/delay.o
 .debug_info    0x0000000000005a3b      0xc10 ./src/main.o
 .debug_info    0x000000000000664b     0x2005 ./src/motion.o
 .debug_info    0x0000000000008650     0x10b1 ./src/sensor.o
 .debug_info    0x0000000000009701      0x140 ./src/stm32f4xx_it.o
 .debug_info    0x0000000000009841      0xe6b ./src/syscalls.o
 .debug_info    0x000000000000a6ac      0x5dd ./src/system_stm32f4xx.o
 .debug_info    0x000000000000ac89      0xaf8 ./src/tm_stm32f4_exti.o
 .debug_info    0x000000000000b781     0x17a9 ./src/usart.o

.debug_abbrev   0x0000000000000000     0x1f8d
 *(.debug_abbrev)
 .debug_abbrev  0x0000000000000000      0x186 ./system/src/peripherals/misc.o
 .debug_abbrev  0x0000000000000186      0x1eb ./system/src/peripherals/stm32f4xx_adc.o
 .debug_abbrev  0x0000000000000371      0x1fa ./system/src/peripherals/stm32f4xx_gpio.o
 .debug_abbrev  0x000000000000056b      0x223 ./system/src/peripherals/stm32f4xx_rcc.o
 .debug_abbrev  0x000000000000078e      0x1d6 ./system/src/peripherals/stm32f4xx_tim.o
 .debug_abbrev  0x0000000000000964      0x1d1 ./system/src/peripherals/stm32f4xx_usart.o
 .debug_abbrev  0x0000000000000b35       0x12 ./system/startup_stm32f4xx.o
 .debug_abbrev  0x0000000000000b47      0x1da ./src/delay.o
 .debug_abbrev  0x0000000000000d21      0x243 ./src/main.o
 .debug_abbrev  0x0000000000000f64      0x39b ./src/motion.o
 .debug_abbrev  0x00000000000012ff      0x2a9 ./src/sensor.o
 .debug_abbrev  0x00000000000015a8       0x7b ./src/stm32f4xx_it.o
 .debug_abbrev  0x0000000000001623      0x2b8 ./src/syscalls.o
 .debug_abbrev  0x00000000000018db      0x177 ./src/system_stm32f4xx.o
 .debug_abbrev  0x0000000000001a52      0x20c ./src/tm_stm32f4_exti.o
 .debug_abbrev  0x0000000000001c5e      0x32f ./src/usart.o

.debug_line     0x0000000000000000     0x5a15
 *(.debug_line)
 .debug_line    0x0000000000000000      0x34f ./system/src/peripherals/misc.o
 .debug_line    0x000000000000034f      0x687 ./system/src/peripherals/stm32f4xx_adc.o
 .debug_line    0x00000000000009d6      0x44f ./system/src/peripherals/stm32f4xx_gpio.o
 .debug_line    0x0000000000000e25      0x6bd ./system/src/peripherals/stm32f4xx_rcc.o
 .debug_line    0x00000000000014e2      0xb7c ./system/src/peripherals/stm32f4xx_tim.o
 .debug_line    0x000000000000205e      0x5bd ./system/src/peripherals/stm32f4xx_usart.o
 .debug_line    0x000000000000261b       0x7a ./system/startup_stm32f4xx.o
 .debug_line    0x0000000000002695      0x386 ./src/delay.o
 .debug_line    0x0000000000002a1b      0x70b ./src/main.o
 .debug_line    0x0000000000003126      0x933 ./src/motion.o
 .debug_line    0x0000000000003a59      0x500 ./src/sensor.o
 .debug_line    0x0000000000003f59      0x34d ./src/stm32f4xx_it.o
 .debug_line    0x00000000000042a6      0x6c0 ./src/syscalls.o
 .debug_line    0x0000000000004966      0x31b ./src/system_stm32f4xx.o
 .debug_line    0x0000000000004c81      0x4b4 ./src/tm_stm32f4_exti.o
 .debug_line    0x0000000000005135      0x8e0 ./src/usart.o

.debug_frame    0x0000000000000000     0x2468
 *(.debug_frame)
 .debug_frame   0x0000000000000000       0x60 ./system/src/peripherals/misc.o
 .debug_frame   0x0000000000000060      0x2d4 ./system/src/peripherals/stm32f4xx_adc.o
 .debug_frame   0x0000000000000334      0x120 ./system/src/peripherals/stm32f4xx_gpio.o
 .debug_frame   0x0000000000000454      0x2ec ./system/src/peripherals/stm32f4xx_rcc.o
 .debug_frame   0x0000000000000740      0x6cc ./system/src/peripherals/stm32f4xx_tim.o
 .debug_frame   0x0000000000000e0c      0x224 ./system/src/peripherals/stm32f4xx_usart.o
 .debug_frame   0x0000000000001030       0x80 ./src/delay.o
 .debug_frame   0x00000000000010b0       0xb8 ./src/main.o
 .debug_frame   0x0000000000001168      0x224 ./src/motion.o
 .debug_frame   0x000000000000138c       0x6c ./src/sensor.o
 .debug_frame   0x00000000000013f8       0x90 ./src/stm32f4xx_it.o
 .debug_frame   0x0000000000001488       0x9c ./src/syscalls.o
 .debug_frame   0x0000000000001524       0x54 ./src/system_stm32f4xx.o
 .debug_frame   0x0000000000001578      0x100 ./src/tm_stm32f4_exti.o
 .debug_frame   0x0000000000001678      0x130 ./src/usart.o
 .debug_frame   0x00000000000017a8       0x20 /home/radipta/opt/gcc-arm-none-eabi-7-2017-q4-major/bin/../lib/gcc/arm-none-eabi/7.2.1/../../../../arm-none-eabi/lib/thumb/v7e-m/libm.a(lib_a-w_atan2.o)
 .debug_frame   0x00000000000017c8       0x48 /home/radipta/opt/gcc-arm-none-eabi-7-2017-q4-major/bin/../lib/gcc/arm-none-eabi/7.2.1/../../../../arm-none-eabi/lib/thumb/v7e-m/libm.a(lib_a-e_atan2.o)
 .debug_frame   0x0000000000001810       0x38 /home/radipta/opt/gcc-arm-none-eabi-7-2017-q4-major/bin/../lib/gcc/arm-none-eabi/7.2.1/../../../../arm-none-eabi/lib/thumb/v7e-m/libm.a(lib_a-s_atan.o)
 .debug_frame   0x0000000000001848       0x20 /home/radipta/opt/gcc-arm-none-eabi-7-2017-q4-major/bin/../lib/gcc/arm-none-eabi/7.2.1/../../../../arm-none-eabi/lib/thumb/v7e-m/libm.a(lib_a-s_fabs.o)
 .debug_frame   0x0000000000001868       0xac /home/radipta/opt/gcc-arm-none-eabi-7-2017-q4-major/bin/../lib/gcc/arm-none-eabi/7.2.1/thumb/v7e-m/libgcc.a(_arm_addsubdf3.o)
 .debug_frame   0x0000000000001914       0x50 /home/radipta/opt/gcc-arm-none-eabi-7-2017-q4-major/bin/../lib/gcc/arm-none-eabi/7.2.1/thumb/v7e-m/libgcc.a(_arm_muldivdf3.o)
 .debug_frame   0x0000000000001964       0xc4 /home/radipta/opt/gcc-arm-none-eabi-7-2017-q4-major/bin/../lib/gcc/arm-none-eabi/7.2.1/thumb/v7e-m/libgcc.a(_arm_cmpdf2.o)
 .debug_frame   0x0000000000001a28       0x24 /home/radipta/opt/gcc-arm-none-eabi-7-2017-q4-major/bin/../lib/gcc/arm-none-eabi/7.2.1/thumb/v7e-m/libgcc.a(_arm_truncdfsf2.o)
 .debug_frame   0x0000000000001a4c       0x4c /home/radipta/opt/gcc-arm-none-eabi-7-2017-q4-major/bin/../lib/gcc/arm-none-eabi/7.2.1/thumb/v7e-m/libgcc.a(_arm_addsubsf3.o)
 .debug_frame   0x0000000000001a98       0x38 /home/radipta/opt/gcc-arm-none-eabi-7-2017-q4-major/bin/../lib/gcc/arm-none-eabi/7.2.1/thumb/v7e-m/libgcc.a(_arm_muldivsf3.o)
 .debug_frame   0x0000000000001ad0       0xc8 /home/radipta/opt/gcc-arm-none-eabi-7-2017-q4-major/bin/../lib/gcc/arm-none-eabi/7.2.1/thumb/v7e-m/libgcc.a(_arm_cmpsf2.o)
 .debug_frame   0x0000000000001b98       0x24 /home/radipta/opt/gcc-arm-none-eabi-7-2017-q4-major/bin/../lib/gcc/arm-none-eabi/7.2.1/thumb/v7e-m/libgcc.a(_arm_fixsfsi.o)
 .debug_frame   0x0000000000001bbc       0x30 /home/radipta/opt/gcc-arm-none-eabi-7-2017-q4-major/bin/../lib/gcc/arm-none-eabi/7.2.1/../../../../arm-none-eabi/lib/thumb/v7e-m/libg_nano.a(lib_a-atoi.o)
 .debug_frame   0x0000000000001bec       0x2c /home/radipta/opt/gcc-arm-none-eabi-7-2017-q4-major/bin/../lib/gcc/arm-none-eabi/7.2.1/../../../../arm-none-eabi/lib/thumb/v7e-m/libg_nano.a(lib_a-init.o)
 .debug_frame   0x0000000000001c18       0x90 /home/radipta/opt/gcc-arm-none-eabi-7-2017-q4-major/bin/../lib/gcc/arm-none-eabi/7.2.1/../../../../arm-none-eabi/lib/thumb/v7e-m/libg_nano.a(lib_a-nano-vfprintf_float.o)
 .debug_frame   0x0000000000001ca8       0x60 /home/radipta/opt/gcc-arm-none-eabi-7-2017-q4-major/bin/../lib/gcc/arm-none-eabi/7.2.1/../../../../arm-none-eabi/lib/thumb/v7e-m/libg_nano.a(lib_a-nano-vfprintf_i.o)
 .debug_frame   0x0000000000001d08       0x6c /home/radipta/opt/gcc-arm-none-eabi-7-2017-q4-major/bin/../lib/gcc/arm-none-eabi/7.2.1/../../../../arm-none-eabi/lib/thumb/v7e-m/libg_nano.a(lib_a-sprintf.o)
 .debug_frame   0x0000000000001d74       0x84 /home/radipta/opt/gcc-arm-none-eabi-7-2017-q4-major/bin/../lib/gcc/arm-none-eabi/7.2.1/../../../../arm-none-eabi/lib/thumb/v7e-m/libg_nano.a(lib_a-strtol.o)
 .debug_frame   0x0000000000001df8       0x6c /home/radipta/opt/gcc-arm-none-eabi-7-2017-q4-major/bin/../lib/gcc/arm-none-eabi/7.2.1/../../../../arm-none-eabi/lib/thumb/v7e-m/libg_nano.a(lib_a-dtoa.o)
 .debug_frame   0x0000000000001e64       0x68 /home/radipta/opt/gcc-arm-none-eabi-7-2017-q4-major/bin/../lib/gcc/arm-none-eabi/7.2.1/../../../../arm-none-eabi/lib/thumb/v7e-m/libg_nano.a(lib_a-locale.o)
 .debug_frame   0x0000000000001ecc       0x40 /home/radipta/opt/gcc-arm-none-eabi-7-2017-q4-major/bin/../lib/gcc/arm-none-eabi/7.2.1/../../../../arm-none-eabi/lib/thumb/v7e-m/libg_nano.a(lib_a-localeconv.o)
 .debug_frame   0x0000000000001f0c       0x30 /home/radipta/opt/gcc-arm-none-eabi-7-2017-q4-major/bin/../lib/gcc/arm-none-eabi/7.2.1/../../../../arm-none-eabi/lib/thumb/v7e-m/libg_nano.a(lib_a-malloc.o)
 .debug_frame   0x0000000000001f3c       0x48 /home/radipta/opt/gcc-arm-none-eabi-7-2017-q4-major/bin/../lib/gcc/arm-none-eabi/7.2.1/../../../../arm-none-eabi/lib/thumb/v7e-m/libg_nano.a(lib_a-mbtowc_r.o)
 .debug_frame   0x0000000000001f84       0x28 /home/radipta/opt/gcc-arm-none-eabi-7-2017-q4-major/bin/../lib/gcc/arm-none-eabi/7.2.1/../../../../arm-none-eabi/lib/thumb/v7e-m/libg_nano.a(lib_a-memcpy-stub.o)
 .debug_frame   0x0000000000001fac      0x248 /home/radipta/opt/gcc-arm-none-eabi-7-2017-q4-major/bin/../lib/gcc/arm-none-eabi/7.2.1/../../../../arm-none-eabi/lib/thumb/v7e-m/libg_nano.a(lib_a-mprec.o)
 .debug_frame   0x00000000000021f4       0x2c /home/radipta/opt/gcc-arm-none-eabi-7-2017-q4-major/bin/../lib/gcc/arm-none-eabi/7.2.1/../../../../arm-none-eabi/lib/thumb/v7e-m/libg_nano.a(lib_a-nano-callocr.o)
 .debug_frame   0x0000000000002220       0x38 /home/radipta/opt/gcc-arm-none-eabi-7-2017-q4-major/bin/../lib/gcc/arm-none-eabi/7.2.1/../../../../arm-none-eabi/lib/thumb/v7e-m/libg_nano.a(lib_a-nano-freer.o)
 .debug_frame   0x0000000000002258       0x2c /home/radipta/opt/gcc-arm-none-eabi-7-2017-q4-major/bin/../lib/gcc/arm-none-eabi/7.2.1/../../../../arm-none-eabi/lib/thumb/v7e-m/libg_nano.a(lib_a-nano-mallocr.o)
 .debug_frame   0x0000000000002284       0x90 /home/radipta/opt/gcc-arm-none-eabi-7-2017-q4-major/bin/../lib/gcc/arm-none-eabi/7.2.1/../../../../arm-none-eabi/lib/thumb/v7e-m/libg_nano.a(lib_a-nano-svfprintf.o)
 .debug_frame   0x0000000000002314       0x3c /home/radipta/opt/gcc-arm-none-eabi-7-2017-q4-major/bin/../lib/gcc/arm-none-eabi/7.2.1/../../../../arm-none-eabi/lib/thumb/v7e-m/libg_nano.a(lib_a-wctomb_r.o)
 .debug_frame   0x0000000000002350       0x28 /home/radipta/opt/gcc-arm-none-eabi-7-2017-q4-major/bin/../lib/gcc/arm-none-eabi/7.2.1/../../../../arm-none-eabi/lib/thumb/v7e-m/libg_nano.a(lib_a-memmove.o)
 .debug_frame   0x0000000000002378       0x20 /home/radipta/opt/gcc-arm-none-eabi-7-2017-q4-major/bin/../lib/gcc/arm-none-eabi/7.2.1/../../../../arm-none-eabi/lib/thumb/v7e-m/libg_nano.a(lib_a-memset.o)
 .debug_frame   0x0000000000002398       0x30 /home/radipta/opt/gcc-arm-none-eabi-7-2017-q4-major/bin/../lib/gcc/arm-none-eabi/7.2.1/../../../../arm-none-eabi/lib/thumb/v7e-m/libg_nano.a(lib_a-mlock.o)
 .debug_frame   0x00000000000023c8       0x3c /home/radipta/opt/gcc-arm-none-eabi-7-2017-q4-major/bin/../lib/gcc/arm-none-eabi/7.2.1/../../../../arm-none-eabi/lib/thumb/v7e-m/libg_nano.a(lib_a-nano-reallocr.o)
 .debug_frame   0x0000000000002404       0x20 /home/radipta/opt/gcc-arm-none-eabi-7-2017-q4-major/bin/../lib/gcc/arm-none-eabi/7.2.1/../../../../arm-none-eabi/lib/thumb/v7e-m/libg_nano.a(lib_a-nano-msizer.o)
 .debug_frame   0x0000000000002424       0x20 /home/radipta/opt/gcc-arm-none-eabi-7-2017-q4-major/bin/../lib/gcc/arm-none-eabi/7.2.1/thumb/v7e-m/libgcc.a(_arm_unorddf2.o)
 .debug_frame   0x0000000000002444       0x24 /home/radipta/opt/gcc-arm-none-eabi-7-2017-q4-major/bin/../lib/gcc/arm-none-eabi/7.2.1/thumb/v7e-m/libgcc.a(_arm_fixdfsi.o)

.debug_str      0x0000000000000000    0x6144e
 *(.debug_str)
 .debug_str     0x0000000000000000    0x34db0 ./system/src/peripherals/misc.o
                                      0x34f38 (size before relaxing)
 .debug_str     0x0000000000034db0     0x6960 ./system/src/peripherals/stm32f4xx_adc.o
                                      0x3b1cd (size before relaxing)
 .debug_str     0x000000000003b710     0x1719 ./system/src/peripherals/stm32f4xx_gpio.o
                                      0x38e49 (size before relaxing)
 .debug_str     0x000000000003ce29      0xad0 ./system/src/peripherals/stm32f4xx_rcc.o
                                      0x38232 (size before relaxing)
 .debug_str     0x000000000003d8f9     0x5228 ./system/src/peripherals/stm32f4xx_tim.o
                                      0x3c9ca (size before relaxing)
 .debug_str     0x0000000000042b21     0x1919 ./system/src/peripherals/stm32f4xx_usart.o
                                      0x390e5 (size before relaxing)
 .debug_str     0x000000000004443a       0x2d ./system/startup_stm32f4xx.o
                                         0x50 (size before relaxing)
 .debug_str     0x0000000000044467      0x5a1 ./src/delay.o
                                      0x37cfe (size before relaxing)
 .debug_str     0x0000000000044a08    0x19e5a ./src/main.o
                                      0x5ba9f (size before relaxing)
 .debug_str     0x000000000005e862     0x1a00 ./src/motion.o
                                      0x5d9f9 (size before relaxing)
 .debug_str     0x0000000000060262       0x59 ./src/sensor.o
                                      0x4595d (size before relaxing)
 .debug_str     0x00000000000602bb       0xb1 ./src/stm32f4xx_it.o
                                      0x348b3 (size before relaxing)
 .debug_str     0x000000000006036c      0x676 ./src/syscalls.o
                                      0x5a968 (size before relaxing)
 .debug_str     0x00000000000609e2       0xe8 ./src/system_stm32f4xx.o
                                      0x34a94 (size before relaxing)
 .debug_str     0x0000000000060aca      0x850 ./src/tm_stm32f4_exti.o
                                      0x370ad (size before relaxing)
 .debug_str     0x000000000006131a      0x134 ./src/usart.o
                                      0x5b43b (size before relaxing)

.debug_loc      0x0000000000000000     0x424b
 *(.debug_loc)
 .debug_loc     0x0000000000000000      0x128 ./system/src/peripherals/misc.o
 .debug_loc     0x0000000000000128      0x919 ./system/src/peripherals/stm32f4xx_adc.o
 .debug_loc     0x0000000000000a41      0x3a9 ./system/src/peripherals/stm32f4xx_gpio.o
 .debug_loc     0x0000000000000dea      0xa3b ./system/src/peripherals/stm32f4xx_rcc.o
 .debug_loc     0x0000000000001825     0x18f5 ./system/src/peripherals/stm32f4xx_tim.o
 .debug_loc     0x000000000000311a      0x7ca ./system/src/peripherals/stm32f4xx_usart.o
 .debug_loc     0x00000000000038e4       0x9c ./src/delay.o
 .debug_loc     0x0000000000003980      0x230 ./src/motion.o
 .debug_loc     0x0000000000003bb0       0x60 ./src/sensor.o
 .debug_loc     0x0000000000003c10      0x1fc ./src/syscalls.o
 .debug_loc     0x0000000000003e0c      0x13e ./src/system_stm32f4xx.o
 .debug_loc     0x0000000000003f4a      0x298 ./src/tm_stm32f4_exti.o
 .debug_loc     0x00000000000041e2       0x69 ./src/usart.o

.debug_macinfo
 *(.debug_macinfo)

.debug_weaknames
 *(.debug_weaknames)

.debug_funcnames
 *(.debug_funcnames)

.debug_typenames
 *(.debug_typenames)

.debug_varnames
 *(.debug_varnames)
OUTPUT(OMNi.elf elf32-littlearm)

.debug_ranges   0x0000000000000000      0x9f8
 .debug_ranges  0x0000000000000000       0x30 ./system/src/peripherals/misc.o
 .debug_ranges  0x0000000000000030      0x138 ./system/src/peripherals/stm32f4xx_adc.o
 .debug_ranges  0x0000000000000168       0x78 ./system/src/peripherals/stm32f4xx_gpio.o
 .debug_ranges  0x00000000000001e0      0x168 ./system/src/peripherals/stm32f4xx_rcc.o
 .debug_ranges  0x0000000000000348      0x2e8 ./system/src/peripherals/stm32f4xx_tim.o
 .debug_ranges  0x0000000000000630       0xf0 ./system/src/peripherals/stm32f4xx_usart.o
 .debug_ranges  0x0000000000000720       0x20 ./system/startup_stm32f4xx.o
 .debug_ranges  0x0000000000000740       0x38 ./src/delay.o
 .debug_ranges  0x0000000000000778       0x40 ./src/main.o
 .debug_ranges  0x00000000000007b8       0xa8 ./src/motion.o
 .debug_ranges  0x0000000000000860       0x20 ./src/sensor.o
 .debug_ranges  0x0000000000000880       0x48 ./src/stm32f4xx_it.o
 .debug_ranges  0x00000000000008c8       0x48 ./src/syscalls.o
 .debug_ranges  0x0000000000000910       0x20 ./src/system_stm32f4xx.o
 .debug_ranges  0x0000000000000930       0x70 ./src/tm_stm32f4_exti.o
 .debug_ranges  0x00000000000009a0       0x58 ./src/usart.o

.debug_macro    0x0000000000000000    0x10e0a
 .debug_macro   0x0000000000000000       0xc0 ./system/src/peripherals/misc.o
 .debug_macro   0x00000000000000c0      0xa72 ./system/src/peripherals/misc.o
 .debug_macro   0x0000000000000b32       0x5d ./system/src/peripherals/misc.o
 .debug_macro   0x0000000000000b8f       0x35 ./system/src/peripherals/misc.o
 .debug_macro   0x0000000000000bc4       0x22 ./system/src/peripherals/misc.o
 .debug_macro   0x0000000000000be6       0x87 ./system/src/peripherals/misc.o
 .debug_macro   0x0000000000000c6d       0x51 ./system/src/peripherals/misc.o
 .debug_macro   0x0000000000000cbe       0xef ./system/src/peripherals/misc.o
 .debug_macro   0x0000000000000dad       0x6a ./system/src/peripherals/misc.o
 .debug_macro   0x0000000000000e17      0x1df ./system/src/peripherals/misc.o
 .debug_macro   0x0000000000000ff6       0x18 ./system/src/peripherals/misc.o
 .debug_macro   0x000000000000100e       0x42 ./system/src/peripherals/misc.o
 .debug_macro   0x0000000000001050      0x8cb ./system/src/peripherals/misc.o
 .debug_macro   0x000000000000191b     0x808f ./system/src/peripherals/misc.o
 .debug_macro   0x00000000000099aa       0x7c ./system/src/peripherals/misc.o
 .debug_macro   0x0000000000009a26      0x14c ./system/src/peripherals/stm32f4xx_adc.o
 .debug_macro   0x0000000000009b72      0x44f ./system/src/peripherals/stm32f4xx_adc.o
 .debug_macro   0x0000000000009fc1      0x53d ./system/src/peripherals/stm32f4xx_adc.o
 .debug_macro   0x000000000000a4fe       0xc3 ./system/src/peripherals/stm32f4xx_gpio.o
 .debug_macro   0x000000000000a5c1      0x25f ./system/src/peripherals/stm32f4xx_gpio.o
 .debug_macro   0x000000000000a820      0x163 ./system/src/peripherals/stm32f4xx_rcc.o
 .debug_macro   0x000000000000a983      0x537 ./system/src/peripherals/stm32f4xx_rcc.o
 .debug_macro   0x000000000000aeba       0xed ./system/src/peripherals/stm32f4xx_tim.o
 .debug_macro   0x000000000000afa7      0x735 ./system/src/peripherals/stm32f4xx_tim.o
 .debug_macro   0x000000000000b6dc       0xdb ./system/src/peripherals/stm32f4xx_usart.o
 .debug_macro   0x000000000000b7b7      0x21b ./system/src/peripherals/stm32f4xx_usart.o
 .debug_macro   0x000000000000b9d2       0xb8 ./src/delay.o
 .debug_macro   0x000000000000ba8a      0x36b ./src/main.o
 .debug_macro   0x000000000000bdf5       0x16 ./src/main.o
 .debug_macro   0x000000000000be0b       0x16 ./src/main.o
 .debug_macro   0x000000000000be21       0x29 ./src/main.o
 .debug_macro   0x000000000000be4a       0x16 ./src/main.o
 .debug_macro   0x000000000000be60      0x3cf ./src/main.o
 .debug_macro   0x000000000000c22f      0x111 ./src/main.o
 .debug_macro   0x000000000000c340      0x188 ./src/main.o
 .debug_macro   0x000000000000c4c8       0xb2 ./src/main.o
 .debug_macro   0x000000000000c57a      0x149 ./src/main.o
 .debug_macro   0x000000000000c6c3      0x477 ./src/main.o
 .debug_macro   0x000000000000cb3a       0xae ./src/main.o
 .debug_macro   0x000000000000cbe8      0x242 ./src/main.o
 .debug_macro   0x000000000000ce2a      0x279 ./src/main.o
 .debug_macro   0x000000000000d0a3       0xb5 ./src/main.o
 .debug_macro   0x000000000000d158      0x265 ./src/main.o
 .debug_macro   0x000000000000d3bd      0x2b3 ./src/main.o
 .debug_macro   0x000000000000d670       0x64 ./src/main.o
 .debug_macro   0x000000000000d6d4       0xa7 ./src/main.o
 .debug_macro   0x000000000000d77b       0x40 ./src/main.o
 .debug_macro   0x000000000000d7bb      0x57b ./src/main.o
 .debug_macro   0x000000000000dd36      0x342 ./src/main.o
 .debug_macro   0x000000000000e078      0x36c ./src/main.o
 .debug_macro   0x000000000000e3e4       0xe1 ./src/main.o